<html>
<body>
<pre>
<h1>�Vision Build Log</h1>
<h2>Tool Versions:</h2>
IDE-Version: ��Vision V5.36.0.0
Copyright (C) 2021 ARM Ltd and ARM Germany GmbH. All rights reserved.
License Information: 1 1, 1, LIC=VGXG8-3TDKD-EVR1R-K98UX-MM334-CY9SD
 
Tool Versions:
Toolchain:       MDK-ARM Plus  Version: 5.36.0.0
Toolchain Path:  C:\Keil_v5\ARM\ARMCLANG\Bin
C Compiler:      ArmClang.exe V6.16
Assembler:       Armasm.exe V6.16
Linker/Locator:  ArmLink.exe V6.16
Library Manager: ArmAr.exe V6.16
Hex Converter:   FromElf.exe V6.16
CPU DLL:         SARMCM3.DLL V5.36.0.0
Dialog DLL:      DCM.DLL V1.17.3.0
Target DLL:      CMSIS_AGDI.dll V1.33.0.0
Dialog DLL:      TCM.DLL V1.53.0.0
 
<h2>Project:</h2>
D:\Keil_project\WindBai_finalver\WindBai13\WindBai\MDK-ARM\WindBai.uvprojx
Project File Date:  05/23/2023

<h2>Output:</h2>
*** Using Compiler 'V6.16', folder: 'C:\Keil_v5\ARM\ARMCLANG\Bin'
Rebuild target 'WindBai'
compiling stm32f4xx_hal_msp.c...
compiling dma.c...
../Core/Src/usart.c(245): warning: while loop has empty body [-Wempty-body]
        while((USART6->SR&0X40)==0);          //这里使用的是串口1，如用其他串口请自行修改
                                   ^
../Core/Src/usart.c(245): note: put the semicolon on a separate line to silence this warning
1 warning generated.
compiling usart.c...
compiling gpio.c...
compiling stm32f4xx_hal_flash_ramfunc.c...
compiling tim.c...
compiling stm32f4xx_it.c...
../Core/Src/main.c(63): warning: trigraph converted to '[' character [-Wtrigraphs]
uint8_t cAlmStr[] = "????(??256)\r\n";
                       ^
../Core/Src/main.c(154): warning: implicitly declaring library function 'memset' with type 'void *(void *, int, unsigned int)' [-Wimplicit-function-declaration]
                        memset(Uart1_RxBuff,0x00,256);
                        ^
../Core/Src/main.c(154): note: include the header <string.h> or explicitly provide a declaration for 'memset'
2 warnings generated.
compiling main.c...
compiling stm32f4xx_hal_flash.c...
compiling stm32f4xx_hal_rcc_ex.c...
assembling startup_stm32f401xc.s...
compiling stm32f4xx_hal_flash_ex.c...
compiling stm32f4xx_hal_rcc.c...
compiling stm32f4xx_hal_gpio.c...
compiling stm32f4xx_hal_tim_ex.c...
compiling stm32f4xx_hal_pwr_ex.c...
compiling stm32f4xx_hal_pwr.c...
compiling stm32f4xx_hal.c...
compiling stm32f4xx_hal_dma.c...
compiling stm32f4xx_hal_cortex.c...
compiling stm32f4xx_hal_dma_ex.c...
compiling system_stm32f4xx.c...
compiling mpu6050.c...
compiling mpuiic.c...
compiling stm32f4xx_hal_exti.c...
PrePosition.c(22): warning: non-void function does not return a value in all control paths [-Wreturn-type]
}
^
PrePosition.c(36): warning: non-void function does not return a value in all control paths [-Wreturn-type]
}
^
2 warnings generated.
compiling PrePosition.c...
compiling inv_mpu_dmp_motion_driver.c...
compiling PID.c...
compiling Motor.c...
compiling stm32f4xx_hal_tim.c...
compiling stm32f4xx_hal_uart.c...
compiling inv_mpu.c...
linking...
Program Size: Code=26500 RO-data=4116 RW-data=144 ZI-data=1880  
FromELF: creating hex file...
"WindBai\WindBai.axf" - 0 Error(s), 5 Warning(s).

<h2>Software Packages used:</h2>

Package Vendor: ARM
                http://www.keil.com/pack/ARM.CMSIS.5.8.0.pack
                ARM.CMSIS.5.8.0
                CMSIS (Common Microcontroller Software Interface Standard)
   * Component: CORE Version: 5.5.0

Package Vendor: Keil
                http://www.keil.com/pack/Keil.STM32F4xx_DFP.2.15.0.pack
                Keil.STM32F4xx_DFP.2.15.0
                STMicroelectronics STM32F4 Series Device Support, Drivers and Examples

<h2>Collection of Component include folders:</h2>
  .\RTE\_WindBai
  C:\Users\23885\AppData\Local\Arm\Packs\ARM\CMSIS\5.8.0\CMSIS\Core\Include
  C:\Users\23885\AppData\Local\Arm\Packs\Keil\STM32F4xx_DFP\2.15.0\Drivers\CMSIS\Device\ST\STM32F4xx\Include

<h2>Collection of Component Files used:</h2>

   * Component: ARM::CMSIS:CORE:5.5.0
      Include file:  CMSIS\Core\Include\tz_context.h
Build Time Elapsed:  00:00:01
</pre>
</body>
</html>
