Component: ARM Compiler 6.16 Tool: armlink [5dfeaa00]

==============================================================================

Section Cross References

    startup_stm32f401xc.o(RESET) refers to startup_stm32f401xc.o(STACK) for __initial_sp
    startup_stm32f401xc.o(RESET) refers to startup_stm32f401xc.o(.text) for Reset_Handler
    startup_stm32f401xc.o(RESET) refers to stm32f4xx_it.o(.text.NMI_Handler) for NMI_Handler
    startup_stm32f401xc.o(RESET) refers to stm32f4xx_it.o(.text.HardFault_Handler) for HardFault_Handler
    startup_stm32f401xc.o(RESET) refers to stm32f4xx_it.o(.text.MemManage_Handler) for MemManage_Handler
    startup_stm32f401xc.o(RESET) refers to stm32f4xx_it.o(.text.BusFault_Handler) for BusFault_Handler
    startup_stm32f401xc.o(RESET) refers to stm32f4xx_it.o(.text.UsageFault_Handler) for UsageFault_Handler
    startup_stm32f401xc.o(RESET) refers to stm32f4xx_it.o(.text.SVC_Handler) for SVC_Handler
    startup_stm32f401xc.o(RESET) refers to stm32f4xx_it.o(.text.DebugMon_Handler) for DebugMon_Handler
    startup_stm32f401xc.o(RESET) refers to stm32f4xx_it.o(.text.PendSV_Handler) for PendSV_Handler
    startup_stm32f401xc.o(RESET) refers to stm32f4xx_it.o(.text.SysTick_Handler) for SysTick_Handler
    startup_stm32f401xc.o(RESET) refers to stm32f4xx_it.o(.text.TIM4_IRQHandler) for TIM4_IRQHandler
    startup_stm32f401xc.o(RESET) refers to stm32f4xx_it.o(.text.USART1_IRQHandler) for USART1_IRQHandler
    startup_stm32f401xc.o(RESET) refers to stm32f4xx_it.o(.text.DMA2_Stream2_IRQHandler) for DMA2_Stream2_IRQHandler
    startup_stm32f401xc.o(RESET) refers to stm32f4xx_it.o(.text.DMA2_Stream7_IRQHandler) for DMA2_Stream7_IRQHandler
    startup_stm32f401xc.o(RESET) refers to stm32f4xx_it.o(.text.USART6_IRQHandler) for USART6_IRQHandler
    startup_stm32f401xc.o(.text) refers to system_stm32f4xx.o(.text.SystemInit) for SystemInit
    startup_stm32f401xc.o(.text) refers to entry.o(.ARM.Collect$$$$00000000) for __main
    main.o(.ARM.exidx.text.mode_decode) refers to main.o(.text.mode_decode) for [Anonymous Symbol]
    main.o(.text.digit_decode) refers to atoi.o(.text) for atoi
    main.o(.ARM.exidx.text.digit_decode) refers to main.o(.text.digit_decode) for [Anonymous Symbol]
    main.o(.text.main) refers to stm32f4xx_hal.o(.text.HAL_Init) for HAL_Init
    main.o(.text.main) refers to main.o(.text.SystemClock_Config) for SystemClock_Config
    main.o(.text.main) refers to gpio.o(.text.MX_GPIO_Init) for MX_GPIO_Init
    main.o(.text.main) refers to dma.o(.text.MX_DMA_Init) for MX_DMA_Init
    main.o(.text.main) refers to tim.o(.text.MX_TIM2_Init) for MX_TIM2_Init
    main.o(.text.main) refers to usart.o(.text.MX_USART1_UART_Init) for MX_USART1_UART_Init
    main.o(.text.main) refers to usart.o(.text.MX_USART6_UART_Init) for MX_USART6_UART_Init
    main.o(.text.main) refers to tim.o(.text.MX_TIM4_Init) for MX_TIM4_Init
    main.o(.text.main) refers to mpu6050.o(.text.MPU_Init) for MPU_Init
    main.o(.text.main) refers to pid.o(.bss.thisPID) for thisPID
    main.o(.text.main) refers to pid.o(.text.PID_Init) for PID_Init
    main.o(.text.main) refers to pid.o(.bss.speed_pid) for speed_pid
    main.o(.text.main) refers to tim.o(.bss.htim2) for htim2
    main.o(.text.main) refers to stm32f4xx_hal_tim.o(.text.HAL_TIM_PWM_Start) for HAL_TIM_PWM_Start
    main.o(.text.main) refers to main.o(.bss.aRxBuffer) for aRxBuffer
    main.o(.text.main) refers to usart.o(.bss.huart1) for huart1
    main.o(.text.main) refers to stm32f4xx_hal_uart.o(.text.HAL_UART_Receive_IT) for HAL_UART_Receive_IT
    main.o(.text.main) refers to usart.o(.bss.huart6) for huart6
    main.o(.text.main) refers to puts.o(i.puts) for puts
    main.o(.text.main) refers to inv_mpu.o(.text.mpu_dmp_init) for mpu_dmp_init
    main.o(.text.main) refers to stm32f4xx_hal.o(.text.HAL_Delay) for HAL_Delay
    main.o(.text.main) refers to tim.o(.bss.htim4) for htim4
    main.o(.text.main) refers to stm32f4xx_hal_tim.o(.text.HAL_TIM_Base_Start_IT) for HAL_TIM_Base_Start_IT
    main.o(.text.main) refers to main.o(.bss.Uart1_RxFlag) for Uart1_RxFlag
    main.o(.text.main) refers to main.o(.data.mode) for mode
    main.o(.text.main) refers to main.o(.bss.timeCNT) for timeCNT
    main.o(.text.main) refers to main.o(.bss.length) for length
    main.o(.text.main) refers to main.o(.bss.angle) for angle
    main.o(.text.main) refers to main.o(.bss.nowPos) for nowPos
    main.o(.text.main) refers to main.o(.bss.Uart1_RxBuff) for Uart1_RxBuff
    main.o(.text.main) refers to motor.o(.text.graphControl) for graphControl
    main.o(.text.main) refers to printfa.o(i.__0printf) for __2printf
    main.o(.text.main) refers to main.o(.text.mode_decode) for mode_decode
    main.o(.text.main) refers to main.o(.text.digit_decode) for digit_decode
    main.o(.text.main) refers to main.o(.bss.digit) for digit
    main.o(.text.main) refers to main.o(.bss.Uart1_Rx_Cnt) for Uart1_Rx_Cnt
[...]
    [Anonymous Symbol]                       0x08003b28   Section        0  inv_mpu.o(.text.get_accel_prod_shift)
    get_st_biases                            0x08003bed   Thumb Code   852  inv_mpu.o(.text.get_st_biases)
    [Anonymous Symbol]                       0x08003bec   Section        0  inv_mpu.o(.text.get_st_biases)
    [Anonymous Symbol]                       0x08003f40   Section        0  motor.o(.text.graphControl)
    gyro_self_test                           0x08004445   Thumb Code   272  inv_mpu.o(.text.gyro_self_test)
    [Anonymous Symbol]                       0x08004444   Section        0  inv_mpu.o(.text.gyro_self_test)
    [Anonymous Symbol]                       0x08004554   Section        0  inv_mpu.o(.text.inv_orientation_matrix_to_scalar)
    [Anonymous Symbol]                       0x08004578   Section        0  inv_mpu.o(.text.inv_row_2_scale)
    [Anonymous Symbol]                       0x080045b4   Section        0  main.o(.text.main)
    [Anonymous Symbol]                       0x08004754   Section        0  main.o(.text.mode_decode)
    [Anonymous Symbol]                       0x0800475c   Section        0  inv_mpu.o(.text.mpu_configure_fifo)
    [Anonymous Symbol]                       0x080047b4   Section        0  inv_mpu.o(.text.mpu_dmp_init)
    [Anonymous Symbol]                       0x08004844   Section        0  inv_mpu.o(.text.mpu_get_accel_fsr)
    [Anonymous Symbol]                       0x0800487c   Section        0  inv_mpu.o(.text.mpu_get_accel_sens)
    [Anonymous Symbol]                       0x080048c8   Section        0  inv_mpu.o(.text.mpu_get_fifo_config)
    [Anonymous Symbol]                       0x080048dc   Section        0  inv_mpu.o(.text.mpu_get_gyro_fsr)
    [Anonymous Symbol]                       0x08004910   Section        0  inv_mpu.o(.text.mpu_get_gyro_sens)
    [Anonymous Symbol]                       0x08004944   Section        0  inv_mpu.o(.text.mpu_get_lpf)
    [Anonymous Symbol]                       0x08004980   Section        0  inv_mpu.o(.text.mpu_get_sample_rate)
    [Anonymous Symbol]                       0x080049a0   Section        0  inv_mpu.o(.text.mpu_init)
    [Anonymous Symbol]                       0x08004b24   Section        0  inv_mpu.o(.text.mpu_load_firmware)
    [Anonymous Symbol]                       0x08004bec   Section        0  inv_mpu.o(.text.mpu_lp_accel_mode)
    [Anonymous Symbol]                       0x08004cb8   Section        0  inv_mpu.o(.text.mpu_read_mem)
    [Anonymous Symbol]                       0x08004d1c   Section        0  inv_mpu.o(.text.mpu_reset_fifo)
    [Anonymous Symbol]                       0x08004e9c   Section        0  inv_mpu.o(.text.mpu_run_self_test)
    [Anonymous Symbol]                       0x08004fa4   Section        0  inv_mpu.o(.text.mpu_set_accel_fsr)
    [Anonymous Symbol]                       0x0800501c   Section        0  inv_mpu.o(.text.mpu_set_bypass)
    [Anonymous Symbol]                       0x08005108   Section        0  inv_mpu.o(.text.mpu_set_dmp_state)
    [Anonymous Symbol]                       0x08005194   Section        0  inv_mpu.o(.text.mpu_set_gyro_fsr)
    [Anonymous Symbol]                       0x08005214   Section        0  inv_mpu.o(.text.mpu_set_int_latched)
    [Anonymous Symbol]                       0x0800527c   Section        0  inv_mpu.o(.text.mpu_set_lpf)
    [Anonymous Symbol]                       0x080052ec   Section        0  inv_mpu.o(.text.mpu_set_sample_rate)
    [Anonymous Symbol]                       0x08005378   Section        0  inv_mpu.o(.text.mpu_set_sensors)
    [Anonymous Symbol]                       0x08005434   Section        0  inv_mpu.o(.text.mpu_write_mem)
    [Anonymous Symbol]                       0x08005498   Section        0  inv_mpu.o(.text.run_self_test)
    [Anonymous Symbol]                       0x08005528   Section        0  motor.o(.text.setPWM_X)
    [Anonymous Symbol]                       0x08005548   Section        0  motor.o(.text.setPWM_Y)
    [Anonymous Symbol]                       0x08005568   Section        0  motor.o(.text.setVector_X)
    [Anonymous Symbol]                       0x0800557c   Section        0  motor.o(.text.setVector_Y)
    set_int_enable                           0x08005591   Thumb Code    86  inv_mpu.o(.text.set_int_enable)
    [Anonymous Symbol]                       0x08005590   Section        0  inv_mpu.o(.text.set_int_enable)
    i.__0printf                              0x080055e8   Section        0  printfa.o(i.__0printf)
    i.__ARM_fpclassify                       0x08005608   Section        0  fpclassify.o(i.__ARM_fpclassify)
    i.__aeabi_errno_addr                     0x08005638   Section        0  errno.o(i.__aeabi_errno_addr)
    i.__hardfp_cos                           0x08005640   Section        0  cos.o(i.__hardfp_cos)
    i.__hardfp_sin                           0x08005708   Section        0  sin.o(i.__hardfp_sin)
    i.__ieee754_rem_pio2                     0x080057d0   Section        0  rred.o(i.__ieee754_rem_pio2)
    i.__kernel_cos                           0x08005c08   Section        0  cos_i.o(i.__kernel_cos)
    i.__kernel_poly                          0x08005d78   Section        0  poly.o(i.__kernel_poly)
    i.__kernel_sin                           0x08005e70   Section        0  sin_i.o(i.__kernel_sin)
    i.__mathlib_dbl_infnan                   0x08005fa0   Section        0  dunder.o(i.__mathlib_dbl_infnan)
    i.__mathlib_dbl_invalid                  0x08005fb8   Section        0  dunder.o(i.__mathlib_dbl_invalid)
    i.__mathlib_dbl_underflow                0x08005fd8   Section        0  dunder.o(i.__mathlib_dbl_underflow)
    i.__scatterload_copy                     0x08005ff8   Section       14  handlers.o(i.__scatterload_copy)
    i.__scatterload_null                     0x08006006   Section        2  handlers.o(i.__scatterload_null)
    i.__scatterload_zeroinit                 0x08006008   Section       14  handlers.o(i.__scatterload_zeroinit)
    i.__set_errno                            0x08006018   Section        0  errno.o(i.__set_errno)
    _fp_digits                               0x08006025   Thumb Code   366  printfa.o(i._fp_digits)
    i._fp_digits                             0x08006024   Section        0  printfa.o(i._fp_digits)
    _printf_core                             0x080061a9   Thumb Code  1744  printfa.o(i._printf_core)
    i._printf_core                           0x080061a8   Section        0  printfa.o(i._printf_core)
    _printf_post_padding                     0x08006885   Thumb Code    36  printfa.o(i._printf_post_padding)
    i._printf_post_padding                   0x08006884   Section        0  printfa.o(i._printf_post_padding)
    _printf_pre_padding                      0x080068a9   Thumb Code    46  printfa.o(i._printf_pre_padding)
    i._printf_pre_padding                    0x080068a8   Section        0  printfa.o(i._printf_pre_padding)
    i.fabs                                   0x080068d6   Section        0  fabs.o(i.fabs)
    i.puts                                   0x080068f0   Section        0  puts.o(i.puts)
    C                                        0x08006918   Data          48  cos_i.o(.constdata)
    .constdata                               0x08006918   Section       48  cos_i.o(.constdata)
    pio2s                                    0x08006948   Data          48  rred.o(.constdata)
    .constdata                               0x08006948   Section      204  rred.o(.constdata)
    twooverpi                                0x08006978   Data         156  rred.o(.constdata)
    S                                        0x08006a18   Data          40  sin_i.o(.constdata)
    .constdata                               0x08006a18   Section       40  sin_i.o(.constdata)
    .constdata                               0x08006a40   Section      129  ctype_o.o(.constdata)
    table                                    0x08006ac4   Data           4  ctype_o.o(.constdata)
    .constdata                               0x08006ac4   Section        4  ctype_o.o(.constdata)
    .L__const.dmp_set_orientation.accel_axes 0x08006ac8   Data           3  inv_mpu_dmp_motion_driver.o(.rodata..L__const.dmp_set_orientation.accel_axes)
    .L__const.dmp_set_orientation.gyro_axes  0x08006acb   Data           3  inv_mpu_dmp_motion_driver.o(.rodata..L__const.dmp_set_orientation.gyro_axes)
    dmp_memory                               0x08006ae6   Data        3062  inv_mpu_dmp_motion_driver.o(.rodata.dmp_memory)
    [Anonymous Symbol]                       0x08006ae6   Section        0  inv_mpu_dmp_motion_driver.o(.rodata.dmp_memory)
    .Lstr                                    0x08007703   Data          76  inv_mpu.o(.rodata.str1.1)
    [Anonymous Symbol]                       0x08007703   Section        0  inv_mpu.o(.rodata.str1.1)
    _errno                                   0x20000000   Data           4  errno.o(.data)
    .data                                    0x20000000   Section        4  errno.o(.data)
    gyro_orientation                         0x2000001c   Data           9  inv_mpu.o(.data.gyro_orientation)
    [Anonymous Symbol]                       0x2000001c   Section        0  inv_mpu.o(.data.gyro_orientation)
    st                                       0x2000005c   Data          44  inv_mpu.o(.data.st)
    [Anonymous Symbol]                       0x2000005c   Section        0  inv_mpu.o(.data.st)
    dmp.2                                    0x200001a4   Data           2  inv_mpu_dmp_motion_driver.o(.bss.dmp.2)
    [Anonymous Symbol]                       0x200001a4   Section        0  inv_mpu_dmp_motion_driver.o(.bss.dmp.2)
    dmp.3                                    0x200001a8   Data           2  inv_mpu_dmp_motion_driver.o(.bss.dmp.3)
    [Anonymous Symbol]                       0x200001a8   Section        0  inv_mpu_dmp_motion_driver.o(.bss.dmp.3)
    dmp.4                                    0x200001ac   Data           2  inv_mpu_dmp_motion_driver.o(.bss.dmp.4)
    [Anonymous Symbol]                       0x200001ac   Section        0  inv_mpu_dmp_motion_driver.o(.bss.dmp.4)
    dmp.5                                    0x200001ae   Data           1  inv_mpu_dmp_motion_driver.o(.bss.dmp.5)
    [Anonymous Symbol]                       0x200001ae   Section        0  inv_mpu_dmp_motion_driver.o(.bss.dmp.5)
    STACK                                    0x200003e8   Section     1024  startup_stm32f401xc.o(STACK)

    Global Symbols

    Symbol Name                              Value     Ov Type        Size  Object(Section)

    BuildAttributes$$THM_ISAv4$E$P$D$K$B$S$7EM$VFPi3$EXTD16$VFPS$VFMA$PE$A:L22UL41UL21$X:L11$S22US41US21$IEEE1$IW$~IW$USESV6$~STKCKD$USESV7$~SHL$OTIME$ROPI$IEEEX$EBA8$MICROLIB$REQ8$PRES8$EABIv2 0x00000000   Number         0  anon$$obj.o ABSOLUTE
    _printf_a                                0x00000000   Number         0  printfstubs.o ABSOLUTE
    _printf_c                                0x00000000   Number         0  printfstubs.o ABSOLUTE
    _printf_charcount                        0x00000000   Number         0  printfstubs.o ABSOLUTE
    _printf_d                                0x00000000   Number         0  printfstubs.o ABSOLUTE
    _printf_e                                0x00000000   Number         0  printfstubs.o ABSOLUTE
    _printf_f                                0x00000000   Number         0  printfstubs.o ABSOLUTE
    _printf_flags                            0x00000000   Number         0  printfstubs.o ABSOLUTE
    _printf_fp_dec                           0x00000000   Number         0  printfstubs.o ABSOLUTE
    _printf_fp_hex                           0x00000000   Number         0  printfstubs.o ABSOLUTE
    _printf_g                                0x00000000   Number         0  printfstubs.o ABSOLUTE
    _printf_i                                0x00000000   Number         0  printfstubs.o ABSOLUTE
    _printf_int_dec                          0x00000000   Number         0  printfstubs.o ABSOLUTE
    _printf_l                                0x00000000   Number         0  printfstubs.o ABSOLUTE
    _printf_lc                               0x00000000   Number         0  printfstubs.o ABSOLUTE
    _printf_ll                               0x00000000   Number         0  printfstubs.o ABSOLUTE
    _printf_lld                              0x00000000   Number         0  printfstubs.o ABSOLUTE
    _printf_lli                              0x00000000   Number         0  printfstubs.o ABSOLUTE
    _printf_llo                              0x00000000   Number         0  printfstubs.o ABSOLUTE
    _printf_llu                              0x00000000   Number         0  printfstubs.o ABSOLUTE
    _printf_llx                              0x00000000   Number         0  printfstubs.o ABSOLUTE
    _printf_longlong_dec                     0x00000000   Number         0  printfstubs.o ABSOLUTE
    _printf_longlong_hex                     0x00000000   Number         0  printfstubs.o ABSOLUTE
    _printf_longlong_oct                     0x00000000   Number         0  printfstubs.o ABSOLUTE
    _printf_ls                               0x00000000   Number         0  printfstubs.o ABSOLUTE
    _printf_mbtowc                           0x00000000   Number         0  printfstubs.o ABSOLUTE
    _printf_n                                0x00000000   Number         0  printfstubs.o ABSOLUTE
    _printf_o                                0x00000000   Number         0  printfstubs.o ABSOLUTE
    _printf_p                                0x00000000   Number         0  printfstubs.o ABSOLUTE
    _printf_percent                          0x00000000   Number         0  printfstubs.o ABSOLUTE
    _printf_pre_padding                      0x00000000   Number         0  printfstubs.o ABSOLUTE
    _printf_return_value                     0x00000000   Number         0  printfstubs.o ABSOLUTE
    _printf_s                                0x00000000   Number         0  printfstubs.o ABSOLUTE
    _printf_sizespec                         0x00000000   Number         0  printfstubs.o ABSOLUTE
    _printf_str                              0x00000000   Number         0  printfstubs.o ABSOLUTE
    _printf_truncate_signed                  0x00000000   Number         0  printfstubs.o ABSOLUTE
    _printf_truncate_unsigned                0x00000000   Number         0  printfstubs.o ABSOLUTE
    _printf_u                                0x00000000   Number         0  printfstubs.o ABSOLUTE
    _printf_wc                               0x00000000   Number         0  printfstubs.o ABSOLUTE
    _printf_wctomb                           0x00000000   Number         0  printfstubs.o ABSOLUTE
    _printf_widthprec                        0x00000000   Number         0  printfstubs.o ABSOLUTE
    _printf_x                                0x00000000   Number         0  printfstubs.o ABSOLUTE
    __cpp_initialize__aeabi_                  - Undefined Weak Reference
    __cxa_finalize                            - Undefined Weak Reference
    __decompress                              - Undefined Weak Reference
    _clock_init                               - Undefined Weak Reference
    _microlib_exit                            - Undefined Weak Reference
    __Vectors_Size                           0x00000194   Number         0  startup_stm32f401xc.o ABSOLUTE
    __Vectors                                0x08000000   Data           4  startup_stm32f401xc.o(RESET)
    __Vectors_End                            0x08000194   Data           0  startup_stm32f401xc.o(RESET)
    __main                                   0x08000195   Thumb Code     0  entry.o(.ARM.Collect$$$$00000000)
    _main_stk                                0x08000195   Thumb Code     0  entry2.o(.ARM.Collect$$$$00000001)
    _main_scatterload                        0x08000199   Thumb Code     0  entry5.o(.ARM.Collect$$$$00000004)
    __main_after_scatterload                 0x0800019d   Thumb Code     0  entry5.o(.ARM.Collect$$$$00000004)
    _main_clock                              0x0800019d   Thumb Code     0  entry7b.o(.ARM.Collect$$$$00000008)
    _main_cpp_init                           0x0800019d   Thumb Code     0  entry8b.o(.ARM.Collect$$$$0000000A)
    _main_init                               0x0800019d   Thumb Code     0  entry9a.o(.ARM.Collect$$$$0000000B)
    __rt_final_cpp                           0x080001a5   Thumb Code     0  entry10a.o(.ARM.Collect$$$$0000000D)
    __rt_final_exit                          0x080001a5   Thumb Code     0  entry11a.o(.ARM.Collect$$$$0000000F)
    Reset_Handler                            0x080001a9   Thumb Code     8  startup_stm32f401xc.o(.text)
    ADC_IRQHandler                           0x080001c3   Thumb Code     0  startup_stm32f401xc.o(.text)
    DMA1_Stream0_IRQHandler                  0x080001c3   Thumb Code     0  startup_stm32f401xc.o(.text)
    DMA1_Stream1_IRQHandler                  0x080001c3   Thumb Code     0  startup_stm32f401xc.o(.text)
    DMA1_Stream2_IRQHandler                  0x080001c3   Thumb Code     0  startup_stm32f401xc.o(.text)
    DMA1_Stream3_IRQHandler                  0x080001c3   Thumb Code     0  startup_stm32f401xc.o(.text)
    DMA1_Stream4_IRQHandler                  0x080001c3   Thumb Code     0  startup_stm32f401xc.o(.text)
    DMA1_Stream5_IRQHandler                  0x080001c3   Thumb Code     0  startup_stm32f401xc.o(.text)
    DMA1_Stream6_IRQHandler                  0x080001c3   Thumb Code     0  startup_stm32f401xc.o(.text)
    DMA1_Stream7_IRQHandler                  0x080001c3   Thumb Code     0  startup_stm32f401xc.o(.text)
    DMA2_Stream0_IRQHandler                  0x080001c3   Thumb Code     0  startup_stm32f401xc.o(.text)
    DMA2_Stream1_IRQHandler                  0x080001c3   Thumb Code     0  startup_stm32f401xc.o(.text)
    DMA2_Stream3_IRQHandler                  0x080001c3   Thumb Code     0  startup_stm32f401xc.o(.text)
    DMA2_Stream4_IRQHandler                  0x080001c3   Thumb Code     0  startup_stm32f401xc.o(.text)
    DMA2_Stream5_IRQHandler                  0x080001c3   Thumb Code     0  startup_stm32f401xc.o(.text)
    DMA2_Stream6_IRQHandler                  0x080001c3   Thumb Code     0  startup_stm32f401xc.o(.text)
    EXTI0_IRQHandler                         0x080001c3   Thumb Code     0  startup_stm32f401xc.o(.text)
    EXTI15_10_IRQHandler                     0x080001c3   Thumb Code     0  startup_stm32f401xc.o(.text)
    EXTI1_IRQHandler                         0x080001c3   Thumb Code     0  startup_stm32f401xc.o(.text)
    EXTI2_IRQHandler                         0x080001c3   Thumb Code     0  startup_stm32f401xc.o(.text)
    EXTI3_IRQHandler                         0x080001c3   Thumb Code     0  startup_stm32f401xc.o(.text)
    EXTI4_IRQHandler                         0x080001c3   Thumb Code     0  startup_stm32f401xc.o(.text)
    EXTI9_5_IRQHandler                       0x080001c3   Thumb Code     0  startup_stm32f401xc.o(.text)
    FLASH_IRQHandler                         0x080001c3   Thumb Code     0  startup_stm32f401xc.o(.text)
    FPU_IRQHandler                           0x080001c3   Thumb Code     0  startup_stm32f401xc.o(.text)
    I2C1_ER_IRQHandler                       0x080001c3   Thumb Code     0  startup_stm32f401xc.o(.text)
    I2C1_EV_IRQHandler                       0x080001c3   Thumb Code     0  startup_stm32f401xc.o(.text)
    I2C2_ER_IRQHandler                       0x080001c3   Thumb Code     0  startup_stm32f401xc.o(.text)
    I2C2_EV_IRQHandler                       0x080001c3   Thumb Code     0  startup_stm32f401xc.o(.text)
    I2C3_ER_IRQHandler                       0x080001c3   Thumb Code     0  startup_stm32f401xc.o(.text)
    I2C3_EV_IRQHandler                       0x080001c3   Thumb Code     0  startup_stm32f401xc.o(.text)
    OTG_FS_IRQHandler                        0x080001c3   Thumb Code     0  startup_stm32f401xc.o(.text)
    OTG_FS_WKUP_IRQHandler                   0x080001c3   Thumb Code     0  startup_stm32f401xc.o(.text)
    PVD_IRQHandler                           0x080001c3   Thumb Code     0  startup_stm32f401xc.o(.text)
    RCC_IRQHandler                           0x080001c3   Thumb Code     0  startup_stm32f401xc.o(.text)
    RTC_Alarm_IRQHandler                     0x080001c3   Thumb Code     0  startup_stm32f401xc.o(.text)
    RTC_WKUP_IRQHandler                      0x080001c3   Thumb Code     0  startup_stm32f401xc.o(.text)
    SDIO_IRQHandler                          0x080001c3   Thumb Code     0  startup_stm32f401xc.o(.text)
    SPI1_IRQHandler                          0x080001c3   Thumb Code     0  startup_stm32f401xc.o(.text)
    SPI2_IRQHandler                          0x080001c3   Thumb Code     0  startup_stm32f401xc.o(.text)
    SPI3_IRQHandler                          0x080001c3   Thumb Code     0  startup_stm32f401xc.o(.text)
    SPI4_IRQHandler                          0x080001c3   Thumb Code     0  startup_stm32f401xc.o(.text)
    TAMP_STAMP_IRQHandler                    0x080001c3   Thumb Code     0  startup_stm32f401xc.o(.text)
    TIM1_BRK_TIM9_IRQHandler                 0x080001c3   Thumb Code     0  startup_stm32f401xc.o(.text)
    TIM1_CC_IRQHandler                       0x080001c3   Thumb Code     0  startup_stm32f401xc.o(.text)
    TIM1_TRG_COM_TIM11_IRQHandler            0x080001c3   Thumb Code     0  startup_stm32f401xc.o(.text)
    TIM1_UP_TIM10_IRQHandler                 0x080001c3   Thumb Code     0  startup_stm32f401xc.o(.text)
    TIM2_IRQHandler                          0x080001c3   Thumb Code     0  startup_stm32f401xc.o(.text)
    TIM3_IRQHandler                          0x080001c3   Thumb Code     0  startup_stm32f401xc.o(.text)
    TIM5_IRQHandler                          0x080001c3   Thumb Code     0  startup_stm32f401xc.o(.text)
    USART2_IRQHandler                        0x080001c3   Thumb Code     0  startup_stm32f401xc.o(.text)
    WWDG_IRQHandler                          0x080001c3   Thumb Code     0  startup_stm32f401xc.o(.text)
    __aeabi_uldivmod                         0x080001cd   Thumb Code    98  uldiv.o(.text)
    __aeabi_ldivmod                          0x0800022f   Thumb Code    98  ldiv.o(.text)
    __aeabi_memset                           0x08000291   Thumb Code    14  memseta.o(.text)
    __aeabi_memset4                          0x08000291   Thumb Code     0  memseta.o(.text)
    __aeabi_memset8                          0x08000291   Thumb Code     0  memseta.o(.text)
    __aeabi_memclr                           0x0800029f   Thumb Code     4  memseta.o(.text)
    __aeabi_memclr4                          0x0800029f   Thumb Code     0  memseta.o(.text)
    __aeabi_memclr8                          0x0800029f   Thumb Code     0  memseta.o(.text)
    _memset$wrapper                          0x080002a3   Thumb Code    18  memseta.o(.text)
    memcmp                                   0x080002b5   Thumb Code    26  memcmp.o(.text)
    atoi                                     0x080002cf   Thumb Code    26  atoi.o(.text)
    __aeabi_dadd                             0x080002e9   Thumb Code   322  dadd.o(.text)
    __aeabi_dsub                             0x0800042b   Thumb Code     6  dadd.o(.text)
    __aeabi_drsub                            0x08000431   Thumb Code     6  dadd.o(.text)
    __aeabi_dmul                             0x08000437   Thumb Code   228  dmul.o(.text)
    __aeabi_ddiv                             0x0800051b   Thumb Code   222  ddiv.o(.text)
    __aeabi_i2d                              0x080005f9   Thumb Code    34  dflti.o(.text)
    __aeabi_d2iz                             0x0800061b   Thumb Code    62  dfixi.o(.text)
    __aeabi_f2d                              0x08000659   Thumb Code    38  f2d.o(.text)
    __aeabi_d2f                              0x0800067f   Thumb Code    56  d2f.o(.text)
    __aeabi_uidiv                            0x080006b7   Thumb Code     0  uidiv.o(.text)
    __aeabi_uidivmod                         0x080006b7   Thumb Code    44  uidiv.o(.text)
    __aeabi_llsl                             0x080006e3   Thumb Code    30  llshl.o(.text)
    _ll_shift_l                              0x080006e3   Thumb Code     0  llshl.o(.text)
    __aeabi_llsr                             0x08000701   Thumb Code    32  llushr.o(.text)
    _ll_ushift_r                             0x08000701   Thumb Code     0  llushr.o(.text)
    __aeabi_lasr                             0x08000721   Thumb Code    36  llsshr.o(.text)
    _ll_sshift_r                             0x08000721   Thumb Code     0  llsshr.o(.text)
    strtol                                   0x08000745   Thumb Code   112  strtol.o(.text)
    __I$use$fp                               0x080007b5   Thumb Code     0  iusefp.o(.text)
    _float_round                             0x080007b5   Thumb Code    18  fepilogue.o(.text)
    _float_epilogue                          0x080007c7   Thumb Code    92  fepilogue.o(.text)
    _double_round                            0x08000823   Thumb Code    30  depilogue.o(.text)
    _double_epilogue                         0x08000841   Thumb Code   156  depilogue.o(.text)
    __aeabi_d2ulz                            0x080008dd   Thumb Code    48  dfixul.o(.text)
    __aeabi_cdrcmple                         0x0800090d   Thumb Code    48  cdrcmple.o(.text)
    __scatterload                            0x0800093d   Thumb Code    28  init.o(.text)
    __scatterload_rt2                        0x0800093d   Thumb Code     0  init.o(.text)
    __rt_ctype_table                         0x08000961   Thumb Code     4  ctype_o.o(.text)
    _strtoul                                 0x08000969   Thumb Code   158  _strtoul.o(.text)
    __aeabi_ui2d                             0x08000a07   Thumb Code    26  dfltui.o(.text)
    _chval                                   0x08000a21   Thumb Code    28  _chval.o(.text)
    BusFault_Handler                         0x08000a3d   Thumb Code     2  stm32f4xx_it.o(.text.BusFault_Handler)
    DMA2_Stream2_IRQHandler                  0x08000a41   Thumb Code    16  stm32f4xx_it.o(.text.DMA2_Stream2_IRQHandler)
    DMA2_Stream7_IRQHandler                  0x08000a51   Thumb Code    16  stm32f4xx_it.o(.text.DMA2_Stream7_IRQHandler)
    DebugMon_Handler                         0x08000aed   Thumb Code     2  stm32f4xx_it.o(.text.DebugMon_Handler)
    Error_Handler                            0x08000af1   Thumb Code    10  main.o(.text.Error_Handler)
    HAL_DMA_Abort                            0x08000afd   Thumb Code   128  stm32f4xx_hal_dma.o(.text.HAL_DMA_Abort)
    HAL_DMA_Abort_IT                         0x08000b7d   Thumb Code    36  stm32f4xx_hal_dma.o(.text.HAL_DMA_Abort_IT)
    HAL_DMA_IRQHandler                       0x08000ba1   Thumb Code   396  stm32f4xx_hal_dma.o(.text.HAL_DMA_IRQHandler)
    HAL_DMA_Init                             0x08000d2d   Thumb Code   206  stm32f4xx_hal_dma.o(.text.HAL_DMA_Init)
    HAL_Delay                                0x08000dfd   Thumb Code    40  stm32f4xx_hal.o(.text.HAL_Delay)
    HAL_GPIO_Init                            0x08000e25   Thumb Code   410  stm32f4xx_hal_gpio.o(.text.HAL_GPIO_Init)
    HAL_GPIO_ReadPin                         0x08000fc1   Thumb Code    10  stm32f4xx_hal_gpio.o(.text.HAL_GPIO_ReadPin)
    HAL_GPIO_WritePin                        0x08000fcd   Thumb Code    10  stm32f4xx_hal_gpio.o(.text.HAL_GPIO_WritePin)
    HAL_GetTick                              0x08000fd9   Thumb Code    12  stm32f4xx_hal.o(.text.HAL_GetTick)
    HAL_IncTick                              0x08000fe5   Thumb Code    26  stm32f4xx_hal.o(.text.HAL_IncTick)
    HAL_Init                                 0x08001001   Thumb Code    54  stm32f4xx_hal.o(.text.HAL_Init)
    HAL_InitTick                             0x08001039   Thumb Code    80  stm32f4xx_hal.o(.text.HAL_InitTick)
    HAL_MspInit                              0x08001089   Thumb Code    56  stm32f4xx_hal_msp.o(.text.HAL_MspInit)
    HAL_NVIC_EnableIRQ                       0x080010c1   Thumb Code     8  stm32f4xx_hal_cortex.o(.text.HAL_NVIC_EnableIRQ)
    HAL_NVIC_SetPriority                     0x080010c9   Thumb Code    30  stm32f4xx_hal_cortex.o(.text.HAL_NVIC_SetPriority)
    HAL_NVIC_SetPriorityGrouping             0x080010e9   Thumb Code     8  stm32f4xx_hal_cortex.o(.text.HAL_NVIC_SetPriorityGrouping)
    HAL_RCC_ClockConfig                      0x080010f1   Thumb Code   352  stm32f4xx_hal_rcc.o(.text.HAL_RCC_ClockConfig)
    HAL_RCC_GetHCLKFreq                      0x08001251   Thumb Code    12  stm32f4xx_hal_rcc.o(.text.HAL_RCC_GetHCLKFreq)
    HAL_RCC_GetPCLK1Freq                     0x0800125d   Thumb Code    34  stm32f4xx_hal_rcc.o(.text.HAL_RCC_GetPCLK1Freq)
    HAL_RCC_GetPCLK2Freq                     0x08001281   Thumb Code    34  stm32f4xx_hal_rcc.o(.text.HAL_RCC_GetPCLK2Freq)
    HAL_RCC_GetSysClockFreq                  0x080012a5   Thumb Code   104  stm32f4xx_hal_rcc.o(.text.HAL_RCC_GetSysClockFreq)
    HAL_RCC_OscConfig                        0x0800130d   Thumb Code   840  stm32f4xx_hal_rcc.o(.text.HAL_RCC_OscConfig)
    HAL_SYSTICK_Config                       0x08001655   Thumb Code     8  stm32f4xx_hal_cortex.o(.text.HAL_SYSTICK_Config)
    HAL_TIMEx_BreakCallback                  0x0800165d   Thumb Code     2  stm32f4xx_hal_tim_ex.o(.text.HAL_TIMEx_BreakCallback)
    HAL_TIMEx_CommutCallback                 0x08001661   Thumb Code     2  stm32f4xx_hal_tim_ex.o(.text.HAL_TIMEx_CommutCallback)
    HAL_TIMEx_MasterConfigSynchronization    0x08001665   Thumb Code   148  stm32f4xx_hal_tim_ex.o(.text.HAL_TIMEx_MasterConfigSynchronization)
    HAL_TIM_Base_Init                        0x080016f9   Thumb Code    90  stm32f4xx_hal_tim.o(.text.HAL_TIM_Base_Init)
    HAL_TIM_Base_MspInit                     0x08001755   Thumb Code    72  tim.o(.text.HAL_TIM_Base_MspInit)
    HAL_TIM_Base_Start_IT                    0x0800179d   Thumb Code   132  stm32f4xx_hal_tim.o(.text.HAL_TIM_Base_Start_IT)
    HAL_TIM_ConfigClockSource                0x08001821   Thumb Code   222  stm32f4xx_hal_tim.o(.text.HAL_TIM_ConfigClockSource)
    HAL_TIM_IC_CaptureCallback               0x08001901   Thumb Code     2  stm32f4xx_hal_tim.o(.text.HAL_TIM_IC_CaptureCallback)
    HAL_TIM_IRQHandler                       0x08001905   Thumb Code   362  stm32f4xx_hal_tim.o(.text.HAL_TIM_IRQHandler)
    HAL_TIM_MspPostInit                      0x08001a71   Thumb Code    88  tim.o(.text.HAL_TIM_MspPostInit)
    HAL_TIM_OC_DelayElapsedCallback          0x08001ac9   Thumb Code     2  stm32f4xx_hal_tim.o(.text.HAL_TIM_OC_DelayElapsedCallback)
    HAL_TIM_PWM_ConfigChannel                0x08001acd   Thumb Code   152  stm32f4xx_hal_tim.o(.text.HAL_TIM_PWM_ConfigChannel)
    HAL_TIM_PWM_Init                         0x08001b65   Thumb Code    90  stm32f4xx_hal_tim.o(.text.HAL_TIM_PWM_Init)
    HAL_TIM_PWM_MspInit                      0x08001bc1   Thumb Code    48  tim.o(.text.HAL_TIM_PWM_MspInit)
    HAL_TIM_PWM_PulseFinishedCallback        0x08001bf1   Thumb Code     2  stm32f4xx_hal_tim.o(.text.HAL_TIM_PWM_PulseFinishedCallback)
    HAL_TIM_PWM_Start                        0x08001bf5   Thumb Code   212  stm32f4xx_hal_tim.o(.text.HAL_TIM_PWM_Start)
    HAL_TIM_PeriodElapsedCallback            0x08001cc9   Thumb Code    48  main.o(.text.HAL_TIM_PeriodElapsedCallback)
    HAL_TIM_TriggerCallback                  0x08001cf9   Thumb Code     2  stm32f4xx_hal_tim.o(.text.HAL_TIM_TriggerCallback)
    HAL_UARTEx_RxEventCallback               0x08001cfd   Thumb Code     2  stm32f4xx_hal_uart.o(.text.HAL_UARTEx_RxEventCallback)
    HAL_UART_ErrorCallback                   0x08001d01   Thumb Code     2  stm32f4xx_hal_uart.o(.text.HAL_UART_ErrorCallback)
    HAL_UART_IRQHandler                      0x08001d05   Thumb Code   570  stm32f4xx_hal_uart.o(.text.HAL_UART_IRQHandler)
    HAL_UART_Init                            0x08001f41   Thumb Code    94  stm32f4xx_hal_uart.o(.text.HAL_UART_Init)
    HAL_UART_MspInit                         0x08001fa1   Thumb Code   354  usart.o(.text.HAL_UART_MspInit)
    HAL_UART_Receive_IT                      0x08002105   Thumb Code    56  stm32f4xx_hal_uart.o(.text.HAL_UART_Receive_IT)
    HAL_UART_RxCpltCallback                  0x0800213d   Thumb Code   352  main.o(.text.HAL_UART_RxCpltCallback)
    HAL_UART_Transmit                        0x0800229d   Thumb Code   204  stm32f4xx_hal_uart.o(.text.HAL_UART_Transmit)
    HAL_UART_TxCpltCallback                  0x08002369   Thumb Code     2  stm32f4xx_hal_uart.o(.text.HAL_UART_TxCpltCallback)
    HardFault_Handler                        0x0800236d   Thumb Code     2  stm32f4xx_it.o(.text.HardFault_Handler)
    I2C_End                                  0x08002371   Thumb Code    42  mpuiic.o(.text.I2C_End)
    I2C_ReadByte                             0x0800239d   Thumb Code    82  mpuiic.o(.text.I2C_ReadByte)
    I2C_SendByte                             0x080023f1   Thumb Code    62  mpuiic.o(.text.I2C_SendByte)
    I2C_Start                                0x08002431   Thumb Code    52  mpuiic.o(.text.I2C_Start)
    IIC_Get_ACK                              0x08002465   Thumb Code    54  mpuiic.o(.text.IIC_Get_ACK)
    IIC_Send_ACK                             0x0800249d   Thumb Code    48  mpuiic.o(.text.IIC_Send_ACK)
    MPU_Get_Gyroscope                        0x080024cd   Thumb Code    64  mpu6050.o(.text.MPU_Get_Gyroscope)
    MPU_Init                                 0x0800250d   Thumb Code   106  mpu6050.o(.text.MPU_Init)
    MPU_Read_Byte                            0x08002579   Thumb Code    46  mpuiic.o(.text.MPU_Read_Byte)
    MPU_Read_Len                             0x080025a9   Thumb Code    80  mpuiic.o(.text.MPU_Read_Len)
    MPU_Set_Accel_Fsr                        0x080025f9   Thumb Code    14  mpu6050.o(.text.MPU_Set_Accel_Fsr)
    MPU_Set_Gyro_Fsr                         0x08002609   Thumb Code    14  mpu6050.o(.text.MPU_Set_Gyro_Fsr)
    MPU_Set_LPF                              0x08002619   Thumb Code    50  mpu6050.o(.text.MPU_Set_LPF)
    MPU_Set_Rate                             0x0800264d   Thumb Code    44  mpu6050.o(.text.MPU_Set_Rate)
    MPU_Write_Byte                           0x08002679   Thumb Code    36  mpuiic.o(.text.MPU_Write_Byte)
    MPU_Write_Len                            0x0800269d   Thumb Code    58  mpuiic.o(.text.MPU_Write_Len)
    MX_DMA_Init                              0x080026d9   Thumb Code    70  dma.o(.text.MX_DMA_Init)
    MX_GPIO_Init                             0x08002721   Thumb Code   178  gpio.o(.text.MX_GPIO_Init)
    MX_TIM2_Init                             0x080027d5   Thumb Code   214  tim.o(.text.MX_TIM2_Init)
    MX_TIM4_Init                             0x080028ad   Thumb Code   124  tim.o(.text.MX_TIM4_Init)
    MX_USART1_UART_Init                      0x08002929   Thumb Code    56  usart.o(.text.MX_USART1_UART_Init)
    MX_USART6_UART_Init                      0x08002961   Thumb Code    56  usart.o(.text.MX_USART6_UART_Init)
    MemManage_Handler                        0x08002999   Thumb Code     2  stm32f4xx_it.o(.text.MemManage_Handler)
    NMI_Handler                              0x0800299d   Thumb Code     2  stm32f4xx_it.o(.text.NMI_Handler)
    PID_Control_Dir                          0x080029cd   Thumb Code    66  pid.o(.text.PID_Control_Dir)
    PID_Init                                 0x08002a11   Thumb Code    20  pid.o(.text.PID_Init)
    PendSV_Handler                           0x08002a25   Thumb Code     2  stm32f4xx_it.o(.text.PendSV_Handler)
    SVC_Handler                              0x08002a29   Thumb Code     2  stm32f4xx_it.o(.text.SVC_Handler)
    SysTick_Handler                          0x08002a5d   Thumb Code     8  stm32f4xx_it.o(.text.SysTick_Handler)
    SystemClock_Config                       0x08002a65   Thumb Code   160  main.o(.text.SystemClock_Config)
    SystemInit                               0x08002b05   Thumb Code    18  system_stm32f4xx.o(.text.SystemInit)
    TIM4_IRQHandler                          0x08002b19   Thumb Code    16  stm32f4xx_it.o(.text.TIM4_IRQHandler)
    TIM_Base_SetConfig                       0x08002b29   Thumb Code   218  stm32f4xx_hal_tim.o(.text.TIM_Base_SetConfig)
    TIM_CCxChannelCmd                        0x08002c05   Thumb Code    36  stm32f4xx_hal_tim.o(.text.TIM_CCxChannelCmd)
    TIM_ETR_SetConfig                        0x08002c29   Thumb Code    22  stm32f4xx_hal_tim.o(.text.TIM_ETR_SetConfig)
    TIM_OC2_SetConfig                        0x08002cb1   Thumb Code   100  stm32f4xx_hal_tim.o(.text.TIM_OC2_SetConfig)
    UART_Start_Receive_IT                    0x08003021   Thumb Code    56  stm32f4xx_hal_uart.o(.text.UART_Start_Receive_IT)
    USART1_IRQHandler                        0x08003129   Thumb Code    16  stm32f4xx_it.o(.text.USART1_IRQHandler)
    USART6_IRQHandler                        0x08003139   Thumb Code    16  stm32f4xx_it.o(.text.USART6_IRQHandler)
    UsageFault_Handler                       0x08003149   Thumb Code     2  stm32f4xx_it.o(.text.UsageFault_Handler)
    digit_decode                             0x0800326d   Thumb Code    10  main.o(.text.digit_decode)
    dmp_enable_6x_lp_quat                    0x08003279   Thumb Code    42  inv_mpu_dmp_motion_driver.o(.text.dmp_enable_6x_lp_quat)
    dmp_enable_feature                       0x080032a5   Thumb Code   470  inv_mpu_dmp_motion_driver.o(.text.dmp_enable_feature)
    dmp_enable_gyro_cal                      0x0800347d   Thumb Code    74  inv_mpu_dmp_motion_driver.o(.text.dmp_enable_gyro_cal)
    dmp_enable_lp_quat                       0x080034c9   Thumb Code    42  inv_mpu_dmp_motion_driver.o(.text.dmp_enable_lp_quat)
    dmp_load_motion_driver_firmware          0x080034f5   Thumb Code    26  inv_mpu_dmp_motion_driver.o(.text.dmp_load_motion_driver_firmware)
    dmp_set_accel_bias                       0x08003511   Thumb Code   190  inv_mpu_dmp_motion_driver.o(.text.dmp_set_accel_bias)
    dmp_set_fifo_rate                        0x080035d1   Thumb Code   108  inv_mpu_dmp_motion_driver.o(.text.dmp_set_fifo_rate)
    dmp_set_gyro_bias                        0x0800363d   Thumb Code   196  inv_mpu_dmp_motion_driver.o(.text.dmp_set_gyro_bias)
    dmp_set_orientation                      0x08003701   Thumb Code   272  inv_mpu_dmp_motion_driver.o(.text.dmp_set_orientation)
    dmp_set_shake_reject_thresh              0x08003811   Thumb Code    44  inv_mpu_dmp_motion_driver.o(.text.dmp_set_shake_reject_thresh)
    dmp_set_shake_reject_time                0x0800383d   Thumb Code    42  inv_mpu_dmp_motion_driver.o(.text.dmp_set_shake_reject_time)
    dmp_set_shake_reject_timeout             0x08003869   Thumb Code    42  inv_mpu_dmp_motion_driver.o(.text.dmp_set_shake_reject_timeout)
    dmp_set_tap_axes                         0x08003895   Thumb Code    62  inv_mpu_dmp_motion_driver.o(.text.dmp_set_tap_axes)
    dmp_set_tap_count                        0x080038d5   Thumb Code    40  inv_mpu_dmp_motion_driver.o(.text.dmp_set_tap_count)
    dmp_set_tap_thresh                       0x080038fd   Thumb Code   328  inv_mpu_dmp_motion_driver.o(.text.dmp_set_tap_thresh)
    dmp_set_tap_time                         0x08003a45   Thumb Code    42  inv_mpu_dmp_motion_driver.o(.text.dmp_set_tap_time)
    dmp_set_tap_time_multi                   0x08003a71   Thumb Code    42  inv_mpu_dmp_motion_driver.o(.text.dmp_set_tap_time_multi)
    fputc                                    0x08003a9d   Thumb Code    20  usart.o(.text.fputc)
    getAngleSpeed                            0x08003ab1   Thumb Code    92  preposition.o(.text.getAngleSpeed)
    graphControl                             0x08003f41   Thumb Code  1164  motor.o(.text.graphControl)
    inv_orientation_matrix_to_scalar         0x08004555   Thumb Code    34  inv_mpu.o(.text.inv_orientation_matrix_to_scalar)
    inv_row_2_scale                          0x08004579   Thumb Code    58  inv_mpu.o(.text.inv_row_2_scale)
    main                                     0x080045b5   Thumb Code   388  main.o(.text.main)
    mode_decode                              0x08004755   Thumb Code     6  main.o(.text.mode_decode)
    mpu_configure_fifo                       0x0800475d   Thumb Code    86  inv_mpu.o(.text.mpu_configure_fifo)
    mpu_dmp_init                             0x080047b5   Thumb Code   142  inv_mpu.o(.text.mpu_dmp_init)
    mpu_get_accel_fsr                        0x08004845   Thumb Code    56  inv_mpu.o(.text.mpu_get_accel_fsr)
    mpu_get_accel_sens                       0x0800487d   Thumb Code    74  inv_mpu.o(.text.mpu_get_accel_sens)
    mpu_get_fifo_config                      0x080048c9   Thumb Code    18  inv_mpu.o(.text.mpu_get_fifo_config)
    mpu_get_gyro_fsr                         0x080048dd   Thumb Code    52  inv_mpu.o(.text.mpu_get_gyro_fsr)
    mpu_get_gyro_sens                        0x08004911   Thumb Code    52  inv_mpu.o(.text.mpu_get_gyro_sens)
    mpu_get_lpf                              0x08004945   Thumb Code    58  inv_mpu.o(.text.mpu_get_lpf)
    mpu_get_sample_rate                      0x08004981   Thumb Code    30  inv_mpu.o(.text.mpu_get_sample_rate)
    mpu_init                                 0x080049a1   Thumb Code   356  inv_mpu.o(.text.mpu_init)
    mpu_load_firmware                        0x08004b25   Thumb Code   198  inv_mpu.o(.text.mpu_load_firmware)
    mpu_lp_accel_mode                        0x08004bed   Thumb Code   202  inv_mpu.o(.text.mpu_lp_accel_mode)
    mpu_read_mem                             0x08004cb9   Thumb Code   100  inv_mpu.o(.text.mpu_read_mem)
    mpu_reset_fifo                           0x08004d1d   Thumb Code   384  inv_mpu.o(.text.mpu_reset_fifo)
    mpu_run_self_test                        0x08004e9d   Thumb Code   262  inv_mpu.o(.text.mpu_run_self_test)
    mpu_set_accel_fsr                        0x08004fa5   Thumb Code   120  inv_mpu.o(.text.mpu_set_accel_fsr)
    mpu_set_bypass                           0x0800501d   Thumb Code   234  inv_mpu.o(.text.mpu_set_bypass)
    mpu_set_dmp_state                        0x08005109   Thumb Code   140  inv_mpu.o(.text.mpu_set_dmp_state)
    mpu_set_gyro_fsr                         0x08005195   Thumb Code   128  inv_mpu.o(.text.mpu_set_gyro_fsr)
    mpu_set_int_latched                      0x08005215   Thumb Code   102  inv_mpu.o(.text.mpu_set_int_latched)
    mpu_set_lpf                              0x0800527d   Thumb Code   110  inv_mpu.o(.text.mpu_set_lpf)
    mpu_set_sample_rate                      0x080052ed   Thumb Code   138  inv_mpu.o(.text.mpu_set_sample_rate)
    mpu_set_sensors                          0x08005379   Thumb Code   188  inv_mpu.o(.text.mpu_set_sensors)
    mpu_write_mem                            0x08005435   Thumb Code   100  inv_mpu.o(.text.mpu_write_mem)
    run_self_test                            0x08005499   Thumb Code   142  inv_mpu.o(.text.run_self_test)
    setPWM_X                                 0x08005529   Thumb Code    32  motor.o(.text.setPWM_X)
    setPWM_Y                                 0x08005549   Thumb Code    32  motor.o(.text.setPWM_Y)
    setVector_X                              0x08005569   Thumb Code    18  motor.o(.text.setVector_X)
    setVector_Y                              0x0800557d   Thumb Code    18  motor.o(.text.setVector_Y)
    __0printf                                0x080055e9   Thumb Code    22  printfa.o(i.__0printf)
    __1printf                                0x080055e9   Thumb Code     0  printfa.o(i.__0printf)
    __2printf                                0x080055e9   Thumb Code     0  printfa.o(i.__0printf)
    __c89printf                              0x080055e9   Thumb Code     0  printfa.o(i.__0printf)
    printf                                   0x080055e9   Thumb Code     0  printfa.o(i.__0printf)
    __ARM_fpclassify                         0x08005609   Thumb Code    48  fpclassify.o(i.__ARM_fpclassify)
    __aeabi_errno_addr                       0x08005639   Thumb Code     4  errno.o(i.__aeabi_errno_addr)
    __rt_errno_addr                          0x08005639   Thumb Code     0  errno.o(i.__aeabi_errno_addr)
    __hardfp_cos                             0x08005641   Thumb Code   180  cos.o(i.__hardfp_cos)
    __hardfp_sin                             0x08005709   Thumb Code   180  sin.o(i.__hardfp_sin)
    __ieee754_rem_pio2                       0x080057d1   Thumb Code   938  rred.o(i.__ieee754_rem_pio2)
    __kernel_cos                             0x08005c09   Thumb Code   322  cos_i.o(i.__kernel_cos)
    __kernel_poly                            0x08005d79   Thumb Code   248  poly.o(i.__kernel_poly)
    __kernel_sin                             0x08005e71   Thumb Code   280  sin_i.o(i.__kernel_sin)
    __mathlib_dbl_infnan                     0x08005fa1   Thumb Code    20  dunder.o(i.__mathlib_dbl_infnan)
    __mathlib_dbl_invalid                    0x08005fb9   Thumb Code    24  dunder.o(i.__mathlib_dbl_invalid)
    __mathlib_dbl_underflow                  0x08005fd9   Thumb Code    24  dunder.o(i.__mathlib_dbl_underflow)
    __scatterload_copy                       0x08005ff9   Thumb Code    14  handlers.o(i.__scatterload_copy)
    __scatterload_null                       0x08006007   Thumb Code     2  handlers.o(i.__scatterload_null)
    __scatterload_zeroinit                   0x08006009   Thumb Code    14  handlers.o(i.__scatterload_zeroinit)
    __set_errno                              0x08006019   Thumb Code     6  errno.o(i.__set_errno)
    fabs                                     0x080068d7   Thumb Code    24  fabs.o(i.fabs)
    puts                                     0x080068f1   Thumb Code    30  puts.o(i.puts)
    __ctype_table                            0x08006a40   Data         129  ctype_o.o(.constdata)
    AHBPrescTable                            0x08006ace   Data          16  system_stm32f4xx.o(.rodata.AHBPrescTable)
    APBPrescTable                            0x08006ade   Data           8  system_stm32f4xx.o(.rodata.APBPrescTable)
    hw                                       0x080076dc   Data          12  inv_mpu.o(.rodata.hw)
    reg                                      0x080076e8   Data          27  inv_mpu.o(.rodata.reg)
    test                                     0x08007750   Data          40  inv_mpu.o(.rodata.test)
    Region$$Table$$Base                      0x08007778   Number         0  anon$$obj.o(Region$$Table)
    Region$$Table$$Limit                     0x08007798   Number         0  anon$$obj.o(Region$$Table)
    SystemCoreClock                          0x20000004   Data           4  system_stm32f4xx.o(.data.SystemCoreClock)
    T                                        0x20000008   Data           8  motor.o(.data.T)
    cAlmStr                                  0x20000010   Data          12  main.o(.data.cAlmStr)
    len                                      0x20000028   Data          24  motor.o(.data.len)
    mode                                     0x20000040   Data           4  main.o(.data.mode)
    rad                                      0x20000044   Data          24  motor.o(.data.rad)
    uwTickFreq                               0x20000088   Data           1  stm32f4xx_hal.o(.data.uwTickFreq)
    uwTickPrio                               0x2000008c   Data           4  stm32f4xx_hal.o(.data.uwTickPrio)
    Uart1_RxBuff                             0x20000090   Data         256  main.o(.bss.Uart1_RxBuff)
    Uart1_RxFlag                             0x20000190   Data           1  main.o(.bss.Uart1_RxFlag)
    Uart1_Rx_Cnt                             0x20000191   Data           1  main.o(.bss.Uart1_Rx_Cnt)
    __stdout                                 0x20000194   Data           4  usart.o(.bss.__stdout)
    aRxBuffer                                0x20000198   Data           1  main.o(.bss.aRxBuffer)
    angle                                    0x2000019c   Data           4  main.o(.bss.angle)
    digit                                    0x200001a0   Data           4  main.o(.bss.digit)
    hdma_usart1_rx                           0x200001b0   Data          96  usart.o(.bss.hdma_usart1_rx)
    hdma_usart1_tx                           0x20000210   Data          96  usart.o(.bss.hdma_usart1_tx)
    htim2                                    0x20000270   Data          72  tim.o(.bss.htim2)
    htim4                                    0x200002b8   Data          72  tim.o(.bss.htim4)
    huart1                                   0x20000300   Data          68  usart.o(.bss.huart1)
    huart6                                   0x20000344   Data          68  usart.o(.bss.huart6)
    length                                   0x20000388   Data           4  main.o(.bss.length)
    nowPos                                   0x2000038c   Data           8  main.o(.bss.nowPos)
    speed_pid                                0x20000394   Data          36  pid.o(.bss.speed_pid)
    thisPID                                  0x200003b8   Data          36  pid.o(.bss.thisPID)
    timeCNT                                  0x200003dc   Data           4  main.o(.bss.timeCNT)
    uwTick                                   0x200003e0   Data           4  stm32f4xx_hal.o(.bss.uwTick)
    __initial_sp                             0x200007e8   Data           0  startup_stm32f401xc.o(STACK)



==============================================================================

Memory Map of the image

  Image Entry point : 0x08000195

  Load Region LR_IROM1 (Base: 0x08000000, Size: 0x00007828, Max: 0x00040000, ABSOLUTE)

    Execution Region ER_IROM1 (Exec base: 0x08000000, Load base: 0x08000000, Size: 0x00007798, Max: 0x00040000, ABSOLUTE)

    Exec Addr    Load Addr    Size         Type   Attr      Idx    E Section Name        Object

    0x08000000   0x08000000   0x00000194   Data   RO            3    RESET               startup_stm32f401xc.o
    0x08000194   0x08000194   0x00000000   Code   RO         1476  * .ARM.Collect$$$$00000000  mc_w.l(entry.o)
    0x08000194   0x08000194   0x00000004   Code   RO         1807    .ARM.Collect$$$$00000001  mc_w.l(entry2.o)
    0x08000198   0x08000198   0x00000004   Code   RO         1810    .ARM.Collect$$$$00000004  mc_w.l(entry5.o)
    0x0800019c   0x0800019c   0x00000000   Code   RO         1812    .ARM.Collect$$$$00000008  mc_w.l(entry7b.o)
    0x0800019c   0x0800019c   0x00000000   Code   RO         1814    .ARM.Collect$$$$0000000A  mc_w.l(entry8b.o)
    0x0800019c   0x0800019c   0x00000008   Code   RO         1815    .ARM.Collect$$$$0000000B  mc_w.l(entry9a.o)
    0x080001a4   0x080001a4   0x00000000   Code   RO         1817    .ARM.Collect$$$$0000000D  mc_w.l(entry10a.o)
    0x080001a4   0x080001a4   0x00000000   Code   RO         1819    .ARM.Collect$$$$0000000F  mc_w.l(entry11a.o)
    0x080001a4   0x080001a4   0x00000004   Code   RO         1808    .ARM.Collect$$$$00002712  mc_w.l(entry2.o)
    0x080001a8   0x080001a8   0x00000024   Code   RO            4    .text               startup_stm32f401xc.o
    0x080001cc   0x080001cc   0x00000062   Code   RO         1483    .text               mc_w.l(uldiv.o)
    0x0800022e   0x0800022e   0x00000062   Code   RO         1485    .text               mc_w.l(ldiv.o)
    0x08000290   0x08000290   0x00000024   Code   RO         1487    .text               mc_w.l(memseta.o)
    0x080002b4   0x080002b4   0x0000001a   Code   RO         1489    .text               mc_w.l(memcmp.o)
    0x080002ce   0x080002ce   0x0000001a   Code   RO         1752    .text               mc_w.l(atoi.o)
    0x080002e8   0x080002e8   0x0000014e   Code   RO         1754    .text               mf_w.l(dadd.o)
    0x08000436   0x08000436   0x000000e4   Code   RO         1756    .text               mf_w.l(dmul.o)
    0x0800051a   0x0800051a   0x000000de   Code   RO         1758    .text               mf_w.l(ddiv.o)
    0x080005f8   0x080005f8   0x00000022   Code   RO         1760    .text               mf_w.l(dflti.o)
    0x0800061a   0x0800061a   0x0000003e   Code   RO         1762    .text               mf_w.l(dfixi.o)
    0x08000658   0x08000658   0x00000026   Code   RO         1764    .text               mf_w.l(f2d.o)
    0x0800067e   0x0800067e   0x00000038   Code   RO         1766    .text               mf_w.l(d2f.o)
    0x080006b6   0x080006b6   0x0000002c   Code   RO         1830    .text               mc_w.l(uidiv.o)
    0x080006e2   0x080006e2   0x0000001e   Code   RO         1832    .text               mc_w.l(llshl.o)
    0x08000700   0x08000700   0x00000020   Code   RO         1834    .text               mc_w.l(llushr.o)
    0x08000720   0x08000720   0x00000024   Code   RO         1836    .text               mc_w.l(llsshr.o)
    0x08000744   0x08000744   0x00000070   Code   RO         1845    .text               mc_w.l(strtol.o)
    0x080007b4   0x080007b4   0x00000000   Code   RO         1847    .text               mc_w.l(iusefp.o)
    0x080007b4   0x080007b4   0x0000006e   Code   RO         1848    .text               mf_w.l(fepilogue.o)
    0x08000822   0x08000822   0x000000ba   Code   RO         1850    .text               mf_w.l(depilogue.o)
    0x080008dc   0x080008dc   0x00000030   Code   RO         1856    .text               mf_w.l(dfixul.o)
    0x0800090c   0x0800090c   0x00000030   Code   RO         1860    .text               mf_w.l(cdrcmple.o)
    0x0800093c   0x0800093c   0x00000024   Code   RO         1862    .text               mc_w.l(init.o)
    0x08000960   0x08000960   0x00000008   Code   RO         1864    .text               mc_w.l(ctype_o.o)
    0x08000968   0x08000968   0x0000009e   Code   RO         1892    .text               mc_w.l(_strtoul.o)
    0x08000a06   0x08000a06   0x0000001a   Code   RO         1894    .text               mf_w.l(dfltui.o)
    0x08000a20   0x08000a20   0x0000001c   Code   RO         1896    .text               mc_w.l(_chval.o)
    0x08000a3c   0x08000a3c   0x00000002   Code   RO          119    .text.BusFault_Handler  stm32f4xx_it.o
    0x08000a3e   0x08000a3e   0x00000002   PAD
    0x08000a40   0x08000a40   0x00000010   Code   RO          135    .text.DMA2_Stream2_IRQHandler  stm32f4xx_it.o
    0x08000a50   0x08000a50   0x00000010   Code   RO          137    .text.DMA2_Stream7_IRQHandler  stm32f4xx_it.o
    0x08000a60   0x08000a60   0x0000003c   Code   RO          690    .text.DMA_CalcBaseAndBitshift  stm32f4xx_hal_dma.o
    0x08000a9c   0x08000a9c   0x00000050   Code   RO          688    .text.DMA_CheckFifoParam  stm32f4xx_hal_dma.o
    0x08000aec   0x08000aec   0x00000002   Code   RO          125    .text.DebugMon_Handler  stm32f4xx_it.o
    0x08000aee   0x08000aee   0x00000002   PAD
    0x08000af0   0x08000af0   0x0000000a   Code   RO           19    .text.Error_Handler  main.o
    0x08000afa   0x08000afa   0x00000002   PAD
    0x08000afc   0x08000afc   0x00000080   Code   RO          700    .text.HAL_DMA_Abort  stm32f4xx_hal_dma.o
    0x08000b7c   0x08000b7c   0x00000024   Code   RO          702    .text.HAL_DMA_Abort_IT  stm32f4xx_hal_dma.o
    0x08000ba0   0x08000ba0   0x0000018c   Code   RO          706    .text.HAL_DMA_IRQHandler  stm32f4xx_hal_dma.o
    0x08000d2c   0x08000d2c   0x000000ce   Code   RO          686    .text.HAL_DMA_Init  stm32f4xx_hal_dma.o
    0x08000dfa   0x08000dfa   0x00000002   PAD
    0x08000dfc   0x08000dfc   0x00000028   Code   RO          886    .text.HAL_Delay     stm32f4xx_hal.o
    0x08000e24   0x08000e24   0x0000019a   Code   RO          646    .text.HAL_GPIO_Init  stm32f4xx_hal_gpio.o
    0x08000fbe   0x08000fbe   0x00000002   PAD
    0x08000fc0   0x08000fc0   0x0000000a   Code   RO          650    .text.HAL_GPIO_ReadPin  stm32f4xx_hal_gpio.o
    0x08000fca   0x08000fca   0x00000002   PAD
    0x08000fcc   0x08000fcc   0x0000000a   Code   RO          652    .text.HAL_GPIO_WritePin  stm32f4xx_hal_gpio.o
    0x08000fd6   0x08000fd6   0x00000002   PAD
    0x08000fd8   0x08000fd8   0x0000000c   Code   RO          878    .text.HAL_GetTick   stm32f4xx_hal.o
    0x08000fe4   0x08000fe4   0x0000001a   Code   RO          876    .text.HAL_IncTick   stm32f4xx_hal.o
    0x08000ffe   0x08000ffe   0x00000002   PAD
    0x08001000   0x08001000   0x00000036   Code   RO          866    .text.HAL_Init      stm32f4xx_hal.o
    0x08001036   0x08001036   0x00000002   PAD
    0x08001038   0x08001038   0x00000050   Code   RO          868    .text.HAL_InitTick  stm32f4xx_hal.o
    0x08001088   0x08001088   0x00000038   Code   RO          148    .text.HAL_MspInit   stm32f4xx_hal_msp.o
    0x080010c0   0x080010c0   0x00000008   Code   RO          806    .text.HAL_NVIC_EnableIRQ  stm32f4xx_hal_cortex.o
    0x080010c8   0x080010c8   0x0000001e   Code   RO          798    .text.HAL_NVIC_SetPriority  stm32f4xx_hal_cortex.o
    0x080010e6   0x080010e6   0x00000002   PAD
    0x080010e8   0x080010e8   0x00000008   Code   RO          794    .text.HAL_NVIC_SetPriorityGrouping  stm32f4xx_hal_cortex.o
    0x080010f0   0x080010f0   0x00000160   Code   RO          498    .text.HAL_RCC_ClockConfig  stm32f4xx_hal_rcc.o
    0x08001250   0x08001250   0x0000000c   Code   RO          508    .text.HAL_RCC_GetHCLKFreq  stm32f4xx_hal_rcc.o
    0x0800125c   0x0800125c   0x00000022   Code   RO          510    .text.HAL_RCC_GetPCLK1Freq  stm32f4xx_hal_rcc.o
    0x0800127e   0x0800127e   0x00000002   PAD
    0x08001280   0x08001280   0x00000022   Code   RO          512    .text.HAL_RCC_GetPCLK2Freq  stm32f4xx_hal_rcc.o
    0x080012a2   0x080012a2   0x00000002   PAD
    0x080012a4   0x080012a4   0x00000068   Code   RO          500    .text.HAL_RCC_GetSysClockFreq  stm32f4xx_hal_rcc.o
    0x0800130c   0x0800130c   0x00000348   Code   RO          496    .text.HAL_RCC_OscConfig  stm32f4xx_hal_rcc.o
    0x08001654   0x08001654   0x00000008   Code   RO          818    .text.HAL_SYSTICK_Config  stm32f4xx_hal_cortex.o
    0x0800165c   0x0800165c   0x00000002   Code   RO          480    .text.HAL_TIMEx_BreakCallback  stm32f4xx_hal_tim_ex.o
    0x0800165e   0x0800165e   0x00000002   PAD
    0x08001660   0x08001660   0x00000002   Code   RO          476    .text.HAL_TIMEx_CommutCallback  stm32f4xx_hal_tim_ex.o
    0x08001662   0x08001662   0x00000002   PAD
    0x08001664   0x08001664   0x00000094   Code   RO          470    .text.HAL_TIMEx_MasterConfigSynchronization  stm32f4xx_hal_tim_ex.o
    0x080016f8   0x080016f8   0x0000005a   Code   RO          156    .text.HAL_TIM_Base_Init  stm32f4xx_hal_tim.o
    0x08001752   0x08001752   0x00000002   PAD
    0x08001754   0x08001754   0x00000048   Code   RO           74    .text.HAL_TIM_Base_MspInit  tim.o
    0x0800179c   0x0800179c   0x00000084   Code   RO          170    .text.HAL_TIM_Base_Start_IT  stm32f4xx_hal_tim.o
    0x08001820   0x08001820   0x000000de   Code   RO          348    .text.HAL_TIM_ConfigClockSource  stm32f4xx_hal_tim.o
    0x080018fe   0x080018fe   0x00000002   PAD
    0x08001900   0x08001900   0x00000002   Code   RO          292    .text.HAL_TIM_IC_CaptureCallback  stm32f4xx_hal_tim.o
    0x08001902   0x08001902   0x00000002   PAD
    0x08001904   0x08001904   0x0000016a   Code   RO          290    .text.HAL_TIM_IRQHandler  stm32f4xx_hal_tim.o
    0x08001a6e   0x08001a6e   0x00000002   PAD
    0x08001a70   0x08001a70   0x00000058   Code   RO           68    .text.HAL_TIM_MspPostInit  tim.o
    0x08001ac8   0x08001ac8   0x00000002   Code   RO          294    .text.HAL_TIM_OC_DelayElapsedCallback  stm32f4xx_hal_tim.o
    0x08001aca   0x08001aca   0x00000002   PAD
    0x08001acc   0x08001acc   0x00000098   Code   RO          322    .text.HAL_TIM_PWM_ConfigChannel  stm32f4xx_hal_tim.o
    0x08001b64   0x08001b64   0x0000005a   Code   RO          210    .text.HAL_TIM_PWM_Init  stm32f4xx_hal_tim.o
    0x08001bbe   0x08001bbe   0x00000002   PAD
    0x08001bc0   0x08001bc0   0x00000030   Code   RO           72    .text.HAL_TIM_PWM_MspInit  tim.o
    0x08001bf0   0x08001bf0   0x00000002   Code   RO          296    .text.HAL_TIM_PWM_PulseFinishedCallback  stm32f4xx_hal_tim.o
    0x08001bf2   0x08001bf2   0x00000002   PAD
    0x08001bf4   0x08001bf4   0x000000d4   Code   RO          218    .text.HAL_TIM_PWM_Start  stm32f4xx_hal_tim.o
    0x08001cc8   0x08001cc8   0x00000030   Code   RO           21    .text.HAL_TIM_PeriodElapsedCallback  main.o
    0x08001cf8   0x08001cf8   0x00000002   Code   RO          300    .text.HAL_TIM_TriggerCallback  stm32f4xx_hal_tim.o
    0x08001cfa   0x08001cfa   0x00000002   PAD
    0x08001cfc   0x08001cfc   0x00000002   Code   RO         1047    .text.HAL_UARTEx_RxEventCallback  stm32f4xx_hal_uart.o
    0x08001cfe   0x08001cfe   0x00000002   PAD
    0x08001d00   0x08001d00   0x00000002   Code   RO         1045    .text.HAL_UART_ErrorCallback  stm32f4xx_hal_uart.o
    0x08001d02   0x08001d02   0x00000002   PAD
    0x08001d04   0x08001d04   0x0000023a   Code   RO         1039    .text.HAL_UART_IRQHandler  stm32f4xx_hal_uart.o
    0x08001f3e   0x08001f3e   0x00000002   PAD
    0x08001f40   0x08001f40   0x0000005e   Code   RO          957    .text.HAL_UART_Init  stm32f4xx_hal_uart.o
    0x08001f9e   0x08001f9e   0x00000002   PAD
    0x08001fa0   0x08001fa0   0x00000162   Code   RO           94    .text.HAL_UART_MspInit  usart.o
    0x08002102   0x08002102   0x00000002   PAD
    0x08002104   0x08002104   0x00000038   Code   RO          981    .text.HAL_UART_Receive_IT  stm32f4xx_hal_uart.o
    0x0800213c   0x0800213c   0x00000160   Code   RO           23    .text.HAL_UART_RxCpltCallback  main.o
    0x0800229c   0x0800229c   0x000000cc   Code   RO          973    .text.HAL_UART_Transmit  stm32f4xx_hal_uart.o
    0x08002368   0x08002368   0x00000002   Code   RO         1053    .text.HAL_UART_TxCpltCallback  stm32f4xx_hal_uart.o
    0x0800236a   0x0800236a   0x00000002   PAD
    0x0800236c   0x0800236c   0x00000002   Code   RO          115    .text.HardFault_Handler  stm32f4xx_it.o
    0x0800236e   0x0800236e   0x00000002   PAD
    0x08002370   0x08002370   0x0000002a   Code   RO         1130    .text.I2C_End       mpuiic.o
    0x0800239a   0x0800239a   0x00000002   PAD
    0x0800239c   0x0800239c   0x00000052   Code   RO         1138    .text.I2C_ReadByte  mpuiic.o
    0x080023ee   0x080023ee   0x00000002   PAD
    0x080023f0   0x080023f0   0x0000003e   Code   RO         1136    .text.I2C_SendByte  mpuiic.o
    0x0800242e   0x0800242e   0x00000002   PAD
    0x08002430   0x08002430   0x00000034   Code   RO         1128    .text.I2C_Start     mpuiic.o
    0x08002464   0x08002464   0x00000036   Code   RO         1134    .text.IIC_Get_ACK   mpuiic.o
    0x0800249a   0x0800249a   0x00000002   PAD
    0x0800249c   0x0800249c   0x00000030   Code   RO         1132    .text.IIC_Send_ACK  mpuiic.o
    0x080024cc   0x080024cc   0x00000040   Code   RO         1114    .text.MPU_Get_Gyroscope  mpu6050.o
    0x0800250c   0x0800250c   0x0000006a   Code   RO         1102    .text.MPU_Init      mpu6050.o
    0x08002576   0x08002576   0x00000002   PAD
    0x08002578   0x08002578   0x0000002e   Code   RO         1146    .text.MPU_Read_Byte  mpuiic.o
    0x080025a6   0x080025a6   0x00000002   PAD
    0x080025a8   0x080025a8   0x00000050   Code   RO         1142    .text.MPU_Read_Len  mpuiic.o
    0x080025f8   0x080025f8   0x0000000e   Code   RO         1106    .text.MPU_Set_Accel_Fsr  mpu6050.o
    0x08002606   0x08002606   0x00000002   PAD
    0x08002608   0x08002608   0x0000000e   Code   RO         1104    .text.MPU_Set_Gyro_Fsr  mpu6050.o
    0x08002616   0x08002616   0x00000002   PAD
    0x08002618   0x08002618   0x00000032   Code   RO         1110    .text.MPU_Set_LPF   mpu6050.o
    0x0800264a   0x0800264a   0x00000002   PAD
    0x0800264c   0x0800264c   0x0000002c   Code   RO         1108    .text.MPU_Set_Rate  mpu6050.o
    0x08002678   0x08002678   0x00000024   Code   RO         1144    .text.MPU_Write_Byte  mpuiic.o
    0x0800269c   0x0800269c   0x0000003a   Code   RO         1140    .text.MPU_Write_Len  mpuiic.o
    0x080026d6   0x080026d6   0x00000002   PAD
    0x080026d8   0x080026d8   0x00000046   Code   RO           57    .text.MX_DMA_Init   dma.o
    0x0800271e   0x0800271e   0x00000002   PAD
    0x08002720   0x08002720   0x000000b2   Code   RO           48    .text.MX_GPIO_Init  gpio.o
    0x080027d2   0x080027d2   0x00000002   PAD
    0x080027d4   0x080027d4   0x000000d6   Code   RO           66    .text.MX_TIM2_Init  tim.o
    0x080028aa   0x080028aa   0x00000002   PAD
    0x080028ac   0x080028ac   0x0000007c   Code   RO           70    .text.MX_TIM4_Init  tim.o
    0x08002928   0x08002928   0x00000038   Code   RO           90    .text.MX_USART1_UART_Init  usart.o
    0x08002960   0x08002960   0x00000038   Code   RO           92    .text.MX_USART6_UART_Init  usart.o
    0x08002998   0x08002998   0x00000002   Code   RO          117    .text.MemManage_Handler  stm32f4xx_it.o
    0x0800299a   0x0800299a   0x00000002   PAD
    0x0800299c   0x0800299c   0x00000002   Code   RO          113    .text.NMI_Handler   stm32f4xx_it.o
    0x0800299e   0x0800299e   0x00000002   PAD
    0x080029a0   0x080029a0   0x0000002c   Code   RO          804    .text.NVIC_EncodePriority  stm32f4xx_hal_cortex.o
    0x080029cc   0x080029cc   0x00000042   Code   RO         1374    .text.PID_Control_Dir  pid.o
    0x08002a0e   0x08002a0e   0x00000002   PAD
    0x08002a10   0x08002a10   0x00000014   Code   RO         1372    .text.PID_Init      pid.o
    0x08002a24   0x08002a24   0x00000002   Code   RO          127    .text.PendSV_Handler  stm32f4xx_it.o
    0x08002a26   0x08002a26   0x00000002   PAD
    0x08002a28   0x08002a28   0x00000002   Code   RO          123    .text.SVC_Handler   stm32f4xx_it.o
    0x08002a2a   0x08002a2a   0x00000002   PAD
    0x08002a2c   0x08002a2c   0x0000002e   Code   RO          820    .text.SysTick_Config  stm32f4xx_hal_cortex.o
    0x08002a5a   0x08002a5a   0x00000002   PAD
    0x08002a5c   0x08002a5c   0x00000008   Code   RO          129    .text.SysTick_Handler  stm32f4xx_it.o
    0x08002a64   0x08002a64   0x000000a0   Code   RO           17    .text.SystemClock_Config  main.o
    0x08002b04   0x08002b04   0x00000012   Code   RO         1087    .text.SystemInit    system_stm32f4xx.o
    0x08002b16   0x08002b16   0x00000002   PAD
    0x08002b18   0x08002b18   0x00000010   Code   RO          131    .text.TIM4_IRQHandler  stm32f4xx_it.o
    0x08002b28   0x08002b28   0x000000da   Code   RO          160    .text.TIM_Base_SetConfig  stm32f4xx_hal_tim.o
    0x08002c02   0x08002c02   0x00000002   PAD
    0x08002c04   0x08002c04   0x00000024   Code   RO          194    .text.TIM_CCxChannelCmd  stm32f4xx_hal_tim.o
    0x08002c28   0x08002c28   0x00000016   Code   RO          346    .text.TIM_ETR_SetConfig  stm32f4xx_hal_tim.o
    0x08002c3e   0x08002c3e   0x00000002   PAD
    0x08002c40   0x08002c40   0x00000010   Code   RO          352    .text.TIM_ITRx_SetConfig  stm32f4xx_hal_tim.o
    0x08002c50   0x08002c50   0x0000005e   Code   RO          304    .text.TIM_OC1_SetConfig  stm32f4xx_hal_tim.o
    0x08002cae   0x08002cae   0x00000002   PAD
    0x08002cb0   0x08002cb0   0x00000064   Code   RO          306    .text.TIM_OC2_SetConfig  stm32f4xx_hal_tim.o
    0x08002d14   0x08002d14   0x00000062   Code   RO          308    .text.TIM_OC3_SetConfig  stm32f4xx_hal_tim.o
    0x08002d76   0x08002d76   0x00000002   PAD
    0x08002d78   0x08002d78   0x00000048   Code   RO          310    .text.TIM_OC4_SetConfig  stm32f4xx_hal_tim.o
    0x08002dc0   0x08002dc0   0x00000022   Code   RO          350    .text.TIM_TI1_ConfigInputStage  stm32f4xx_hal_tim.o
    0x08002de2   0x08002de2   0x00000002   PAD
    0x08002de4   0x08002de4   0x00000024   Code   RO          354    .text.TIM_TI2_ConfigInputStage  stm32f4xx_hal_tim.o
    0x08002e08   0x08002e08   0x00000010   Code   RO         1043    .text.UART_DMAAbortOnError  stm32f4xx_hal_uart.o
    0x08002e18   0x08002e18   0x00000050   Code   RO         1005    .text.UART_EndRxTransfer  stm32f4xx_hal_uart.o
    0x08002e68   0x08002e68   0x00000018   Code   RO         1051    .text.UART_EndTransmit_IT  stm32f4xx_hal_uart.o
    0x08002e80   0x08002e80   0x000000c4   Code   RO         1041    .text.UART_Receive_IT  stm32f4xx_hal_uart.o
    0x08002f44   0x08002f44   0x000000dc   Code   RO          961    .text.UART_SetConfig  stm32f4xx_hal_uart.o
    0x08003020   0x08003020   0x00000038   Code   RO          983    .text.UART_Start_Receive_IT  stm32f4xx_hal_uart.o
    0x08003058   0x08003058   0x00000052   Code   RO         1049    .text.UART_Transmit_IT  stm32f4xx_hal_uart.o
    0x080030aa   0x080030aa   0x00000002   PAD
    0x080030ac   0x080030ac   0x0000007a   Code   RO          975    .text.UART_WaitOnFlagUntilTimeout  stm32f4xx_hal_uart.o
    0x08003126   0x08003126   0x00000002   PAD
    0x08003128   0x08003128   0x00000010   Code   RO          133    .text.USART1_IRQHandler  stm32f4xx_it.o
    0x08003138   0x08003138   0x00000010   Code   RO          139    .text.USART6_IRQHandler  stm32f4xx_it.o
    0x08003148   0x08003148   0x00000002   Code   RO          121    .text.UsageFault_Handler  stm32f4xx_it.o
    0x0800314a   0x0800314a   0x00000002   PAD
    0x0800314c   0x0800314c   0x00000020   Code   RO          808    .text.__NVIC_EnableIRQ  stm32f4xx_hal_cortex.o
    0x0800316c   0x0800316c   0x00000010   Code   RO          800    .text.__NVIC_GetPriorityGrouping  stm32f4xx_hal_cortex.o
    0x0800317c   0x0800317c   0x00000022   Code   RO          802    .text.__NVIC_SetPriority  stm32f4xx_hal_cortex.o
    0x0800319e   0x0800319e   0x00000002   PAD
    0x080031a0   0x080031a0   0x00000020   Code   RO          796    .text.__NVIC_SetPriorityGrouping  stm32f4xx_hal_cortex.o
    0x080031c0   0x080031c0   0x000000ac   Code   RO         1228    .text.accel_self_test  inv_mpu.o
    0x0800326c   0x0800326c   0x0000000a   Code   RO           13    .text.digit_decode  main.o
    0x08003276   0x08003276   0x00000002   PAD
    0x08003278   0x08003278   0x0000002a   Code   RO         1316    .text.dmp_enable_6x_lp_quat  inv_mpu_dmp_motion_driver.o
    0x080032a2   0x080032a2   0x00000002   PAD
    0x080032a4   0x080032a4   0x000001d6   Code   RO         1310    .text.dmp_enable_feature  inv_mpu_dmp_motion_driver.o
    0x0800347a   0x0800347a   0x00000002   PAD
    0x0800347c   0x0800347c   0x0000004a   Code   RO         1312    .text.dmp_enable_gyro_cal  inv_mpu_dmp_motion_driver.o
    0x080034c6   0x080034c6   0x00000002   PAD
    0x080034c8   0x080034c8   0x0000002a   Code   RO         1314    .text.dmp_enable_lp_quat  inv_mpu_dmp_motion_driver.o
    0x080034f2   0x080034f2   0x00000002   PAD
    0x080034f4   0x080034f4   0x0000001a   Code   RO         1274    .text.dmp_load_motion_driver_firmware  inv_mpu_dmp_motion_driver.o
    0x0800350e   0x0800350e   0x00000002   PAD
    0x08003510   0x08003510   0x000000be   Code   RO         1280    .text.dmp_set_accel_bias  inv_mpu_dmp_motion_driver.o
    0x080035ce   0x080035ce   0x00000002   PAD
    0x080035d0   0x080035d0   0x0000006c   Code   RO         1282    .text.dmp_set_fifo_rate  inv_mpu_dmp_motion_driver.o
    0x0800363c   0x0800363c   0x000000c4   Code   RO         1278    .text.dmp_set_gyro_bias  inv_mpu_dmp_motion_driver.o
    0x08003700   0x08003700   0x00000110   Code   RO         1276    .text.dmp_set_orientation  inv_mpu_dmp_motion_driver.o
    0x08003810   0x08003810   0x0000002c   Code   RO         1296    .text.dmp_set_shake_reject_thresh  inv_mpu_dmp_motion_driver.o
    0x0800383c   0x0800383c   0x0000002a   Code   RO         1298    .text.dmp_set_shake_reject_time  inv_mpu_dmp_motion_driver.o
    0x08003866   0x08003866   0x00000002   PAD
    0x08003868   0x08003868   0x0000002a   Code   RO         1300    .text.dmp_set_shake_reject_timeout  inv_mpu_dmp_motion_driver.o
    0x08003892   0x08003892   0x00000002   PAD
    0x08003894   0x08003894   0x0000003e   Code   RO         1288    .text.dmp_set_tap_axes  inv_mpu_dmp_motion_driver.o
    0x080038d2   0x080038d2   0x00000002   PAD
    0x080038d4   0x080038d4   0x00000028   Code   RO         1290    .text.dmp_set_tap_count  inv_mpu_dmp_motion_driver.o
    0x080038fc   0x080038fc   0x00000148   Code   RO         1286    .text.dmp_set_tap_thresh  inv_mpu_dmp_motion_driver.o
    0x08003a44   0x08003a44   0x0000002a   Code   RO         1292    .text.dmp_set_tap_time  inv_mpu_dmp_motion_driver.o
    0x08003a6e   0x08003a6e   0x00000002   PAD
    0x08003a70   0x08003a70   0x0000002a   Code   RO         1294    .text.dmp_set_tap_time_multi  inv_mpu_dmp_motion_driver.o
    0x08003a9a   0x08003a9a   0x00000002   PAD
    0x08003a9c   0x08003a9c   0x00000014   Code   RO           98    .text.fputc         usart.o
    0x08003ab0   0x08003ab0   0x00000078   Code   RO         1360    .text.getAngleSpeed  preposition.o
    0x08003b28   0x08003b28   0x000000c4   Code   RO         1258    .text.get_accel_prod_shift  inv_mpu.o
    0x08003bec   0x08003bec   0x00000354   Code   RO         1226    .text.get_st_biases  inv_mpu.o
    0x08003f40   0x08003f40   0x00000504   Code   RO         1404    .text.graphControl  motor.o
    0x08004444   0x08004444   0x00000110   Code   RO         1230    .text.gyro_self_test  inv_mpu.o
    0x08004554   0x08004554   0x00000022   Code   RO         1250    .text.inv_orientation_matrix_to_scalar  inv_mpu.o
    0x08004576   0x08004576   0x00000002   PAD
    0x08004578   0x08004578   0x0000003a   Code   RO         1252    .text.inv_row_2_scale  inv_mpu.o
    0x080045b2   0x080045b2   0x00000002   PAD
    0x080045b4   0x080045b4   0x000001a0   Code   RO           15    .text.main          main.o
    0x08004754   0x08004754   0x00000006   Code   RO           11    .text.mode_decode   main.o
    0x0800475a   0x0800475a   0x00000002   PAD
    0x0800475c   0x0800475c   0x00000056   Code   RO         1170    .text.mpu_configure_fifo  inv_mpu.o
    0x080047b2   0x080047b2   0x00000002   PAD
    0x080047b4   0x080047b4   0x0000008e   Code   RO         1254    .text.mpu_dmp_init  inv_mpu.o
    0x08004842   0x08004842   0x00000002   PAD
    0x08004844   0x08004844   0x00000038   Code   RO         1194    .text.mpu_get_accel_fsr  inv_mpu.o
    0x0800487c   0x0800487c   0x0000004a   Code   RO         1206    .text.mpu_get_accel_sens  inv_mpu.o
    0x080048c6   0x080048c6   0x00000002   PAD
    0x080048c8   0x080048c8   0x00000012   Code   RO         1208    .text.mpu_get_fifo_config  inv_mpu.o
    0x080048da   0x080048da   0x00000002   PAD
    0x080048dc   0x080048dc   0x00000034   Code   RO         1192    .text.mpu_get_gyro_fsr  inv_mpu.o
    0x08004910   0x08004910   0x00000034   Code   RO         1204    .text.mpu_get_gyro_sens  inv_mpu.o
    0x08004944   0x08004944   0x0000003a   Code   RO         1196    .text.mpu_get_lpf   inv_mpu.o
    0x0800497e   0x0800497e   0x00000002   PAD
    0x08004980   0x08004980   0x0000001e   Code   RO         1198    .text.mpu_get_sample_rate  inv_mpu.o
    0x0800499e   0x0800499e   0x00000002   PAD
    0x080049a0   0x080049a0   0x00000184   Code   RO         1160    .text.mpu_init      inv_mpu.o
    0x08004b24   0x08004b24   0x000000c6   Code   RO         1236    .text.mpu_load_firmware  inv_mpu.o
    0x08004bea   0x08004bea   0x00000002   PAD
    0x08004bec   0x08004bec   0x000000ca   Code   RO         1176    .text.mpu_lp_accel_mode  inv_mpu.o
    0x08004cb6   0x08004cb6   0x00000002   PAD
    0x08004cb8   0x08004cb8   0x00000064   Code   RO         1234    .text.mpu_read_mem  inv_mpu.o
    0x08004d1c   0x08004d1c   0x00000180   Code   RO         1190    .text.mpu_reset_fifo  inv_mpu.o
    0x08004e9c   0x08004e9c   0x00000106   Code   RO         1222    .text.mpu_run_self_test  inv_mpu.o
    0x08004fa2   0x08004fa2   0x00000002   PAD
    0x08004fa4   0x08004fa4   0x00000078   Code   RO         1164    .text.mpu_set_accel_fsr  inv_mpu.o
    0x0800501c   0x0800501c   0x000000ea   Code   RO         1172    .text.mpu_set_bypass  inv_mpu.o
    0x08005106   0x08005106   0x00000002   PAD
    0x08005108   0x08005108   0x0000008c   Code   RO         1224    .text.mpu_set_dmp_state  inv_mpu.o
    0x08005194   0x08005194   0x00000080   Code   RO         1162    .text.mpu_set_gyro_fsr  inv_mpu.o
    0x08005214   0x08005214   0x00000066   Code   RO         1178    .text.mpu_set_int_latched  inv_mpu.o
    0x0800527a   0x0800527a   0x00000002   PAD
    0x0800527c   0x0800527c   0x0000006e   Code   RO         1166    .text.mpu_set_lpf   inv_mpu.o
    0x080052ea   0x080052ea   0x00000002   PAD
    0x080052ec   0x080052ec   0x0000008a   Code   RO         1168    .text.mpu_set_sample_rate  inv_mpu.o
    0x08005376   0x08005376   0x00000002   PAD
    0x08005378   0x08005378   0x000000bc   Code   RO         1174    .text.mpu_set_sensors  inv_mpu.o
    0x08005434   0x08005434   0x00000064   Code   RO         1232    .text.mpu_write_mem  inv_mpu.o
    0x08005498   0x08005498   0x0000008e   Code   RO         1248    .text.run_self_test  inv_mpu.o
    0x08005526   0x08005526   0x00000002   PAD
    0x08005528   0x08005528   0x00000020   Code   RO         1392    .text.setPWM_X      motor.o
    0x08005548   0x08005548   0x00000020   Code   RO         1394    .text.setPWM_Y      motor.o
    0x08005568   0x08005568   0x00000012   Code   RO         1396    .text.setVector_X   motor.o
    0x0800557a   0x0800557a   0x00000002   PAD
    0x0800557c   0x0800557c   0x00000012   Code   RO         1398    .text.setVector_Y   motor.o
    0x0800558e   0x0800558e   0x00000002   PAD
    0x08005590   0x08005590   0x00000056   Code   RO         1210    .text.set_int_enable  inv_mpu.o
    0x080055e6   0x080055e6   0x00000002   PAD
    0x080055e8   0x080055e8   0x00000020   Code   RO         1724    i.__0printf         mc_w.l(printfa.o)
    0x08005608   0x08005608   0x00000030   Code   RO         1791    i.__ARM_fpclassify  m_wm.l(fpclassify.o)
    0x08005638   0x08005638   0x00000008   Code   RO         1838    i.__aeabi_errno_addr  mc_w.l(errno.o)
    0x08005640   0x08005640   0x000000c8   Code   RO         1446    i.__hardfp_cos      m_wm.l(cos.o)
    0x08005708   0x08005708   0x000000c8   Code   RO         1452    i.__hardfp_sin      m_wm.l(sin.o)
    0x080057d0   0x080057d0   0x00000438   Code   RO         1796    i.__ieee754_rem_pio2  m_wm.l(rred.o)
    0x08005c08   0x08005c08   0x00000170   Code   RO         1768    i.__kernel_cos      m_wm.l(cos_i.o)
    0x08005d78   0x08005d78   0x000000f8   Code   RO         1793    i.__kernel_poly     m_wm.l(poly.o)
    0x08005e70   0x08005e70   0x00000130   Code   RO         1801    i.__kernel_sin      m_wm.l(sin_i.o)
    0x08005fa0   0x08005fa0   0x00000014   Code   RO         1772    i.__mathlib_dbl_infnan  m_wm.l(dunder.o)
    0x08005fb4   0x08005fb4   0x00000004   PAD
    0x08005fb8   0x08005fb8   0x00000020   Code   RO         1774    i.__mathlib_dbl_invalid  m_wm.l(dunder.o)
    0x08005fd8   0x08005fd8   0x00000020   Code   RO         1777    i.__mathlib_dbl_underflow  m_wm.l(dunder.o)
    0x08005ff8   0x08005ff8   0x0000000e   Code   RO         1900    i.__scatterload_copy  mc_w.l(handlers.o)
    0x08006006   0x08006006   0x00000002   Code   RO         1901    i.__scatterload_null  mc_w.l(handlers.o)
    0x08006008   0x08006008   0x0000000e   Code   RO         1902    i.__scatterload_zeroinit  mc_w.l(handlers.o)
    0x08006016   0x08006016   0x00000002   PAD
    0x08006018   0x08006018   0x0000000c   Code   RO         1840    i.__set_errno       mc_w.l(errno.o)
    0x08006024   0x08006024   0x00000184   Code   RO         1731    i._fp_digits        mc_w.l(printfa.o)
    0x080061a8   0x080061a8   0x000006dc   Code   RO         1732    i._printf_core      mc_w.l(printfa.o)
    0x08006884   0x08006884   0x00000024   Code   RO         1733    i._printf_post_padding  mc_w.l(printfa.o)
    0x080068a8   0x080068a8   0x0000002e   Code   RO         1734    i._printf_pre_padding  mc_w.l(printfa.o)
    0x080068d6   0x080068d6   0x00000018   Code   RO         1787    i.fabs              m_wm.l(fabs.o)
    0x080068ee   0x080068ee   0x00000002   PAD
    0x080068f0   0x080068f0   0x00000024   Code   RO         1479    i.puts              mc_w.l(puts.o)
    0x08006914   0x08006914   0x00000004   PAD
    0x08006918   0x08006918   0x00000030   Data   RO         1769    .constdata          m_wm.l(cos_i.o)
    0x08006948   0x08006948   0x000000cc   Data   RO         1798    .constdata          m_wm.l(rred.o)
    0x08006a14   0x08006a14   0x00000004   PAD
    0x08006a18   0x08006a18   0x00000028   Data   RO         1802    .constdata          m_wm.l(sin_i.o)
    0x08006a40   0x08006a40   0x00000081   Data   RO         1865    .constdata          mc_w.l(ctype_o.o)
    0x08006ac1   0x08006ac1   0x00000003   PAD
    0x08006ac4   0x08006ac4   0x00000004   Data   RO         1866    .constdata          mc_w.l(ctype_o.o)
    0x08006ac8   0x08006ac8   0x00000003   Data   RO         1332    .rodata..L__const.dmp_set_orientation.accel_axes  inv_mpu_dmp_motion_driver.o
    0x08006acb   0x08006acb   0x00000003   Data   RO         1331    .rodata..L__const.dmp_set_orientation.gyro_axes  inv_mpu_dmp_motion_driver.o
    0x08006ace   0x08006ace   0x00000010   Data   RO         1092    .rodata.AHBPrescTable  system_stm32f4xx.o
    0x08006ade   0x08006ade   0x00000008   Data   RO         1093    .rodata.APBPrescTable  system_stm32f4xx.o
    0x08006ae6   0x08006ae6   0x00000bf6   Data   RO         1330    .rodata.dmp_memory  inv_mpu_dmp_motion_driver.o
    0x080076dc   0x080076dc   0x0000000c   Data   RO         1261    .rodata.hw          inv_mpu.o
    0x080076e8   0x080076e8   0x0000001b   Data   RO         1260    .rodata.reg         inv_mpu.o
    0x08007703   0x08007703   0x0000004c   Data   RO         1265    .rodata.str1.1      inv_mpu.o
    0x0800774f   0x0800774f   0x00000001   PAD
    0x08007750   0x08007750   0x00000028   Data   RO         1262    .rodata.test        inv_mpu.o
    0x08007778   0x08007778   0x00000020   Data   RO         1899    Region$$Table       anon$$obj.o


    Execution Region RW_IRAM1 (Exec base: 0x20000000, Load base: 0x08007798, Size: 0x000007e8, Max: 0x00010000, ABSOLUTE)

    Exec Addr    Load Addr    Size         Type   Attr      Idx    E Section Name        Object

    0x20000000   0x08007798   0x00000004   Data   RW         1841    .data               mc_w.l(errno.o)
    0x20000004   0x0800779c   0x00000004   Data   RW         1091    .data.SystemCoreClock  system_stm32f4xx.o
    0x20000008   0x080077a0   0x00000008   Data   RW         1406    .data.T             motor.o
    0x20000010   0x080077a8   0x0000000c   Data   RW           28    .data.cAlmStr       main.o
    0x2000001c   0x080077b4   0x00000009   Data   RW         1264    .data.gyro_orientation  inv_mpu.o
    0x20000025   0x080077bd   0x00000003   PAD
    0x20000028   0x080077c0   0x00000018   Data   RW         1415    .data.len           motor.o
    0x20000040   0x080077d8   0x00000004   Data   RW           29    .data.mode          main.o
    0x20000044   0x080077dc   0x00000018   Data   RW         1416    .data.rad           motor.o
    0x2000005c   0x080077f4   0x0000002c   Data   RW         1263    .data.st            inv_mpu.o
    0x20000088   0x08007820   0x00000001   Data   RW          921    .data.uwTickFreq    stm32f4xx_hal.o
    0x20000089   0x08007821   0x00000003   PAD
    0x2000008c   0x08007824   0x00000004   Data   RW          920    .data.uwTickPrio    stm32f4xx_hal.o
    0x20000090        -       0x00000100   Zero   RW           25    .bss.Uart1_RxBuff   main.o
    0x20000190        -       0x00000001   Zero   RW           27    .bss.Uart1_RxFlag   main.o
    0x20000191        -       0x00000001   Zero   RW           26    .bss.Uart1_Rx_Cnt   main.o
    0x20000192   0x08007828   0x00000002   PAD
    0x20000194        -       0x00000004   Zero   RW          104    .bss.__stdout       usart.o
    0x20000198        -       0x00000001   Zero   RW           30    .bss.aRxBuffer      main.o
    0x20000199   0x08007828   0x00000003   PAD
    0x2000019c        -       0x00000004   Zero   RW           32    .bss.angle          main.o
    0x200001a0        -       0x00000004   Zero   RW           31    .bss.digit          main.o
    0x200001a4        -       0x00000002   Zero   RW         1342    .bss.dmp.2          inv_mpu_dmp_motion_driver.o
    0x200001a6   0x08007828   0x00000002   PAD
    0x200001a8        -       0x00000002   Zero   RW         1343    .bss.dmp.3          inv_mpu_dmp_motion_driver.o
    0x200001aa   0x08007828   0x00000002   PAD
    0x200001ac        -       0x00000002   Zero   RW         1344    .bss.dmp.4          inv_mpu_dmp_motion_driver.o
    0x200001ae        -       0x00000001   Zero   RW         1345    .bss.dmp.5          inv_mpu_dmp_motion_driver.o
    0x200001af   0x08007828   0x00000001   PAD
    0x200001b0        -       0x00000060   Zero   RW          102    .bss.hdma_usart1_rx  usart.o
    0x20000210        -       0x00000060   Zero   RW          103    .bss.hdma_usart1_tx  usart.o
    0x20000270        -       0x00000048   Zero   RW           80    .bss.htim2          tim.o
    0x200002b8        -       0x00000048   Zero   RW           81    .bss.htim4          tim.o
    0x20000300        -       0x00000044   Zero   RW          100    .bss.huart1         usart.o
    0x20000344        -       0x00000044   Zero   RW          101    .bss.huart6         usart.o
    0x20000388        -       0x00000004   Zero   RW           33    .bss.length         main.o
    0x2000038c        -       0x00000008   Zero   RW           34    .bss.nowPos         main.o
    0x20000394        -       0x00000024   Zero   RW         1383    .bss.speed_pid      pid.o
    0x200003b8        -       0x00000024   Zero   RW         1382    .bss.thisPID        pid.o
    0x200003dc        -       0x00000004   Zero   RW           35    .bss.timeCNT        main.o
    0x200003e0        -       0x00000004   Zero   RW          922    .bss.uwTick         stm32f4xx_hal.o
    0x200003e4   0x08007828   0x00000004   PAD
    0x200003e8        -       0x00000400   Zero   RW            1    STACK               startup_stm32f401xc.o


==============================================================================

Image component sizes


      Code (inc. data)   RO Data    RW Data    ZI Data      Debug   Object Name

        70          0          0          0          0       2841   dma.o
       178          0          0          0          0       2225   gpio.o
      5174        110        155         53          0      24052   inv_mpu.o
      2062         68       3068          0          7       9757   inv_mpu_dmp_motion_driver.o
      1002         28          0         16        283       8394   main.o
      1384        140          0         56          0       7562   motor.o
       292          0          0          0          0       2510   mpu6050.o
       560          0          0          0          0       3362   mpuiic.o
        86          0          0          0         72       3403   pid.o
       120         28          0          0          0       3071   preposition.o
        36          8        404          0       1024        832   startup_stm32f401xc.o
       212          0          0          5          4       6838   stm32f4xx_hal.o
       258          0          0          0          0      10215   stm32f4xx_hal_cortex.o
       906         12          0          0          0       9225   stm32f4xx_hal_dma.o
       430          0          0          0          0       5241   stm32f4xx_hal_gpio.o
        56          0          0          0          0       1503   stm32f4xx_hal_msp.o
      1376          0          0          0          0       7348   stm32f4xx_hal_rcc.o
      1994          4          0          0          0      44635   stm32f4xx_hal_tim.o
       152          0          0          0          0      19037   stm32f4xx_hal_tim_ex.o
      1726          0          0          0          0      24725   stm32f4xx_hal_uart.o
       104          0          0          0          0       2701   stm32f4xx_it.o
        18          0         24          4          0       2689   system_stm32f4xx.o
       546          0          0          0        144       8150   tim.o
       486          0          0          0        332       6949   usart.o

    ----------------------------------------------------------------------
     19408        398       3684        140       1880     217265   Object Totals
         0          0         32          0          0          0   (incl. Generated)
       180          0          1          6         14          0   (incl. Padding)

    ----------------------------------------------------------------------

      Code (inc. data)   RO Data    RW Data    ZI Data      Debug   Library Member Name

       200         20          0          0          0        164   cos.o
       368         46         48          0          0        200   cos_i.o
        84         16          0          0          0        372   dunder.o
        24          0          0          0          0        124   fabs.o
        48          0          0          0          0        124   fpclassify.o
       248          0          0          0          0        152   poly.o
      1080        142        204          0          0        188   rred.o
       200         20          0          0          0        164   sin.o
       304         24         40          0          0        208   sin_i.o
        28          0          0          0          0         68   _chval.o
       158          0          0          0          0         92   _strtoul.o
        26          0          0          0          0         80   atoi.o
         8          4        133          0          0         68   ctype_o.o
         0          0          0          0          0          0   entry.o
         0          0          0          0          0          0   entry10a.o
         0          0          0          0          0          0   entry11a.o
         8          4          0          0          0          0   entry2.o
         4          0          0          0          0          0   entry5.o
         0          0          0          0          0          0   entry7b.o
         0          0          0          0          0          0   entry8b.o
         8          4          0          0          0          0   entry9a.o
        20         10          0          4          0        136   errno.o
        30          0          0          0          0          0   handlers.o
        36          8          0          0          0         68   init.o
         0          0          0          0          0          0   iusefp.o
        98          0          0          0          0         84   ldiv.o
        30          0          0          0          0         68   llshl.o
        36          0          0          0          0         68   llsshr.o
        32          0          0          0          0         68   llushr.o
        26          0          0          0          0         80   memcmp.o
        36          0          0          0          0        108   memseta.o
      2258         90          0          0          0        452   printfa.o
        36          6          0          0          0         80   puts.o
       112          0          0          0          0         88   strtol.o
        44          0          0          0          0         80   uidiv.o
        98          0          0          0          0         92   uldiv.o
        48          0          0          0          0         68   cdrcmple.o
        56          0          0          0          0         88   d2f.o
       334          0          0          0          0        148   dadd.o
       222          0          0          0          0        100   ddiv.o
       186          0          0          0          0        176   depilogue.o
        62          0          0          0          0         80   dfixi.o
        48          0          0          0          0         68   dfixul.o
        34          0          0          0          0         76   dflti.o
        26          0          0          0          0         76   dfltui.o
       228          0          0          0          0         96   dmul.o
        38          0          0          0          0         68   f2d.o
       110          0          0          0          0        168   fepilogue.o

    ----------------------------------------------------------------------
      7092        398        432          4          0       4688   Library Totals
        12          4          7          0          0          0   (incl. Padding)

    ----------------------------------------------------------------------

      Code (inc. data)   RO Data    RW Data    ZI Data      Debug   Library Name

      2556        268        292          0          0       1696   m_wm.l
      3132        126        133          4          0       1780   mc_w.l
      1392          0          0          0          0       1212   mf_w.l

    ----------------------------------------------------------------------
      7092        398        432          4          0       4688   Library Totals

    ----------------------------------------------------------------------

==============================================================================


      Code (inc. data)   RO Data    RW Data    ZI Data      Debug   

     26500        796       4116        144       1880     219157   Grand Totals
     26500        796       4116        144       1880     219157   ELF Image Totals
     26500        796       4116        144          0          0   ROM Totals

==============================================================================

    Total RO  Size (Code + RO Data)                30616 (  29.90kB)
    Total RW  Size (RW Data + ZI Data)              2024 (   1.98kB)
    Total ROM Size (Code + RO Data + RW Data)      30760 (  30.04kB)

==============================================================================

